-- The C compiler identification is GNU 9.4.0
-- The CXX compiler identification is GNU 9.4.0
-- Check for working C compiler: /usr/bin/cc
-- Check for working C compiler: /usr/bin/cc -- works
-- Detecting C compiler ABI info
-- Detecting C compiler ABI info - done
-- Detecting C compile features
-- Detecting C compile features - done
-- Check for working CXX compiler: /usr/bin/c++
-- Check for working CXX compiler: /usr/bin/c++ -- works
-- Detecting CXX compiler ABI info
-- Detecting CXX compiler ABI info - done
-- Detecting CXX compile features
-- Detecting CXX compile features - done
-- Found ament_cmake: 0.9.12 (/opt/ros/foxy/share/ament_cmake/cmake)
-- Found PythonInterp: /usr/bin/python3 (found suitable version "3.8.10", minimum required is "3") 
-- Using PYTHON_EXECUTABLE: /usr/bin/python3
-- Override CMake install command with custom implementation using symlinks instead of copying resources
-- Found rosidl_default_generators: 1.0.1 (/opt/ros/foxy/share/rosidl_default_generators/cmake)
-- Using all available rosidl_typesupport_c: rosidl_typesupport_fastrtps_c;rosidl_typesupport_introspection_c
-- Found rosidl_adapter: 1.3.1 (/opt/ros/foxy/share/rosidl_adapter/cmake)
-- Found OpenSSL: /usr/lib/x86_64-linux-gnu/libcrypto.so (found version "1.1.1f")  
-- Found FastRTPS: /opt/ros/foxy/include  
-- Using all available rosidl_typesupport_cpp: rosidl_typesupport_fastrtps_cpp;rosidl_typesupport_introspection_cpp
-- Found builtin_interfaces: 1.0.0 (/opt/ros/foxy/share/builtin_interfaces/cmake)
-- Configuring done
-- Generating done
-- Build files have been written to: /home/prl/track_robot_ws/build/track_robot_interfaces
-- Install configuration: ""
-- Execute custom install script
-- Symlinking: /home/prl/track_robot_ws/install/track_robot_interfaces/share/ament_index/resource_index/package_run_dependencies/track_robot_interfaces
-- Symlinking: /home/prl/track_robot_ws/install/track_robot_interfaces/share/ament_index/resource_index/parent_prefix_path/track_robot_interfaces
-- Symlinking: /home/prl/track_robot_ws/install/track_robot_interfaces/share/track_robot_interfaces/environment/ament_prefix_path.sh
-- Symlinking: /home/prl/track_robot_ws/install/track_robot_interfaces/share/track_robot_interfaces/environment/ament_prefix_path.dsv
-- Symlinking: /home/prl/track_robot_ws/install/track_robot_interfaces/share/track_robot_interfaces/environment/path.sh
-- Symlinking: /home/prl/track_robot_ws/install/track_robot_interfaces/share/track_robot_interfaces/environment/path.dsv
-- Symlinking: /home/prl/track_robot_ws/install/track_robot_interfaces/share/track_robot_interfaces/local_setup.bash
-- Symlinking: /home/prl/track_robot_ws/install/track_robot_interfaces/share/track_robot_interfaces/local_setup.sh
-- Symlinking: /home/prl/track_robot_ws/install/track_robot_interfaces/share/track_robot_interfaces/local_setup.zsh
-- Symlinking: /home/prl/track_robot_ws/install/track_robot_interfaces/share/track_robot_interfaces/local_setup.dsv
-- Symlinking: /home/prl/track_robot_ws/install/track_robot_interfaces/share/track_robot_interfaces/package.dsv
-- Symlinking: /home/prl/track_robot_ws/install/track_robot_interfaces/share/ament_index/resource_index/packages/track_robot_interfaces
-- Symlinking: /home/prl/track_robot_ws/install/track_robot_interfaces/share/track_robot_interfaces/cmake/track_robot_interfacesConfig.cmake
-- Symlinking: /home/prl/track_robot_ws/install/track_robot_interfaces/share/track_robot_interfaces/cmake/track_robot_interfacesConfig-version.cmake
-- Symlinking: /home/prl/track_robot_ws/install/track_robot_interfaces/share/track_robot_interfaces/package.xml
