[0.042s] Invoking command in '/home/prl/track_robot_ws/build/track_robot_interfaces': CMAKE_PREFIX_PATH=${CMAKE_PREFIX_PATH}:/home/prl/track_robot_ws/install/track_robot_teleop:/opt/ros/foxy /usr/bin/cmake /home/prl/track_robot_ws/src/track_robot/track_robot_interfaces -DAMENT_CMAKE_SYMLINK_INSTALL=1 -DCMAKE_INSTALL_PREFIX=/home/prl/track_robot_ws/install/track_robot_interfaces
[0.373s] -- The C compiler identification is GNU 9.4.0
[0.373s] -- The CXX compiler identification is GNU 9.4.0
[0.373s] -- Check for working C compiler: /usr/bin/cc
[0.373s] -- Check for working C compiler: /usr/bin/cc -- works
[0.373s] -- Detecting C compiler ABI info
[0.373s] -- Detecting C compiler ABI info - done
[0.373s] -- Detecting C compile features
[0.373s] -- Detecting C compile features - done
[0.373s] -- Check for working CXX compiler: /usr/bin/c++
[0.422s] -- Check for working CXX compiler: /usr/bin/c++ -- works
[0.424s] -- Detecting CXX compiler ABI info
[0.505s] -- Detecting CXX compiler ABI info - done
[0.531s] -- Detecting CXX compile features
[0.532s] -- Detecting CXX compile features - done
[0.535s] -- Found ament_cmake: 0.9.12 (/opt/ros/foxy/share/ament_cmake/cmake)
[0.565s] -- Found PythonInterp: /usr/bin/python3 (found suitable version "3.8.10", minimum required is "3") 
[0.565s] -- Using PYTHON_EXECUTABLE: /usr/bin/python3
[0.768s] -- Override CMake install command with custom implementation using symlinks instead of copying resources
[0.789s] -- Found rosidl_default_generators: 1.0.1 (/opt/ros/foxy/share/rosidl_default_generators/cmake)
[0.794s] -- Using all available rosidl_typesupport_c: rosidl_typesupport_fastrtps_c;rosidl_typesupport_introspection_c
[0.801s] -- Found rosidl_adapter: 1.3.1 (/opt/ros/foxy/share/rosidl_adapter/cmake)
[0.903s] -- Found OpenSSL: /usr/lib/x86_64-linux-gnu/libcrypto.so (found version "1.1.1f")  
[0.945s] -- Found FastRTPS: /opt/ros/foxy/include  
[1.134s] -- Using all available rosidl_typesupport_cpp: rosidl_typesupport_fastrtps_cpp;rosidl_typesupport_introspection_cpp
[1.193s] -- Found builtin_interfaces: 1.0.0 (/opt/ros/foxy/share/builtin_interfaces/cmake)
[1.321s] -- Configuring done
[1.325s] -- Generating done
[1.329s] -- Build files have been written to: /home/prl/track_robot_ws/build/track_robot_interfaces
[1.346s] Invoked command in '/home/prl/track_robot_ws/build/track_robot_interfaces' returned '0': CMAKE_PREFIX_PATH=${CMAKE_PREFIX_PATH}:/home/prl/track_robot_ws/install/track_robot_teleop:/opt/ros/foxy /usr/bin/cmake /home/prl/track_robot_ws/src/track_robot/track_robot_interfaces -DAMENT_CMAKE_SYMLINK_INSTALL=1 -DCMAKE_INSTALL_PREFIX=/home/prl/track_robot_ws/install/track_robot_interfaces
[1.347s] Invoking command in '/home/prl/track_robot_ws/build/track_robot_interfaces': CMAKE_PREFIX_PATH=${CMAKE_PREFIX_PATH}:/home/prl/track_robot_ws/install/track_robot_teleop:/opt/ros/foxy /usr/bin/cmake --build /home/prl/track_robot_ws/build/track_robot_interfaces -- -j16 -l16
[1.418s] Invoked command in '/home/prl/track_robot_ws/build/track_robot_interfaces' returned '0': CMAKE_PREFIX_PATH=${CMAKE_PREFIX_PATH}:/home/prl/track_robot_ws/install/track_robot_teleop:/opt/ros/foxy /usr/bin/cmake --build /home/prl/track_robot_ws/build/track_robot_interfaces -- -j16 -l16
[1.419s] Invoking command in '/home/prl/track_robot_ws/build/track_robot_interfaces': CMAKE_PREFIX_PATH=${CMAKE_PREFIX_PATH}:/home/prl/track_robot_ws/install/track_robot_teleop:/opt/ros/foxy /usr/bin/cmake --install /home/prl/track_robot_ws/build/track_robot_interfaces
[1.433s] -- Install configuration: ""
[1.433s] -- Execute custom install script
[1.434s] -- Symlinking: /home/prl/track_robot_ws/install/track_robot_interfaces/share/ament_index/resource_index/package_run_dependencies/track_robot_interfaces
[1.449s] -- Symlinking: /home/prl/track_robot_ws/install/track_robot_interfaces/share/ament_index/resource_index/parent_prefix_path/track_robot_interfaces
[1.463s] -- Symlinking: /home/prl/track_robot_ws/install/track_robot_interfaces/share/track_robot_interfaces/environment/ament_prefix_path.sh
[1.478s] -- Symlinking: /home/prl/track_robot_ws/install/track_robot_interfaces/share/track_robot_interfaces/environment/ament_prefix_path.dsv
[1.493s] -- Symlinking: /home/prl/track_robot_ws/install/track_robot_interfaces/share/track_robot_interfaces/environment/path.sh
[1.508s] -- Symlinking: /home/prl/track_robot_ws/install/track_robot_interfaces/share/track_robot_interfaces/environment/path.dsv
[1.523s] -- Symlinking: /home/prl/track_robot_ws/install/track_robot_interfaces/share/track_robot_interfaces/local_setup.bash
[1.533s] -- Symlinking: /home/prl/track_robot_ws/install/track_robot_interfaces/share/track_robot_interfaces/local_setup.sh
[1.546s] -- Symlinking: /home/prl/track_robot_ws/install/track_robot_interfaces/share/track_robot_interfaces/local_setup.zsh
[1.560s] -- Symlinking: /home/prl/track_robot_ws/install/track_robot_interfaces/share/track_robot_interfaces/local_setup.dsv
[1.578s] -- Symlinking: /home/prl/track_robot_ws/install/track_robot_interfaces/share/track_robot_interfaces/package.dsv
[1.595s] -- Symlinking: /home/prl/track_robot_ws/install/track_robot_interfaces/share/ament_index/resource_index/packages/track_robot_interfaces
[1.609s] -- Symlinking: /home/prl/track_robot_ws/install/track_robot_interfaces/share/track_robot_interfaces/cmake/track_robot_interfacesConfig.cmake
[1.623s] -- Symlinking: /home/prl/track_robot_ws/install/track_robot_interfaces/share/track_robot_interfaces/cmake/track_robot_interfacesConfig-version.cmake
[1.639s] -- Symlinking: /home/prl/track_robot_ws/install/track_robot_interfaces/share/track_robot_interfaces/package.xml
[1.657s] Invoked command in '/home/prl/track_robot_ws/build/track_robot_interfaces' returned '0': CMAKE_PREFIX_PATH=${CMAKE_PREFIX_PATH}:/home/prl/track_robot_ws/install/track_robot_teleop:/opt/ros/foxy /usr/bin/cmake --install /home/prl/track_robot_ws/build/track_robot_interfaces
