[0.894s] Invoking command in '/home/prl/track_robot_ws/build/track_robot_teleop': PYTHONPATH=/home/prl/track_robot_ws/build/track_robot_teleop/prefix_override:/usr/lib/python3/dist-packages/colcon_core/task/python/colcon_distutils_commands:/home/prl/track_robot_ws/install/track_robot_teleop/lib/python3.8/site-packages:${PYTHONPATH} /usr/bin/python3 -W ignore:setup.py install is deprecated -W ignore:easy_install command is deprecated setup.py develop --editable --build-directory /home/prl/track_robot_ws/build/track_robot_teleop/build --no-deps symlink_data
[1.309s] running develop
[1.560s] running egg_info
[1.560s] creating track_robot_teleop.egg-info
[1.560s] writing track_robot_teleop.egg-info/PKG-INFO
[1.561s] writing dependency_links to track_robot_teleop.egg-info/dependency_links.txt
[1.561s] writing entry points to track_robot_teleop.egg-info/entry_points.txt
[1.561s] writing requirements to track_robot_teleop.egg-info/requires.txt
[1.561s] writing top-level names to track_robot_teleop.egg-info/top_level.txt
[1.566s] writing manifest file 'track_robot_teleop.egg-info/SOURCES.txt'
[1.624s] reading manifest file 'track_robot_teleop.egg-info/SOURCES.txt'
[1.625s] writing manifest file 'track_robot_teleop.egg-info/SOURCES.txt'
[1.677s] running build_ext
[1.678s] Creating /home/prl/track_robot_ws/install/track_robot_teleop/lib/python3.8/site-packages/site.py
[1.681s] Creating /home/prl/track_robot_ws/install/track_robot_teleop/lib/python3.8/site-packages/track-robot-teleop.egg-link (link to .)
[1.682s] Installing keyboard_teleop_node script to /home/prl/track_robot_ws/install/track_robot_teleop/lib/track_robot_teleop
[1.683s] 
[1.683s] Installed /home/prl/track_robot_ws/build/track_robot_teleop
[1.683s] running symlink_data
[1.684s] creating /home/prl/track_robot_ws/install/track_robot_teleop/share/ament_index
[1.684s] creating /home/prl/track_robot_ws/install/track_robot_teleop/share/ament_index/resource_index
[1.684s] creating /home/prl/track_robot_ws/install/track_robot_teleop/share/ament_index/resource_index/packages
[1.684s] symbolically linking /home/prl/track_robot_ws/build/track_robot_teleop/resource/track_robot_teleop -> /home/prl/track_robot_ws/install/track_robot_teleop/share/ament_index/resource_index/packages
[1.684s] symbolically linking /home/prl/track_robot_ws/build/track_robot_teleop/package.xml -> /home/prl/track_robot_ws/install/track_robot_teleop/share/track_robot_teleop
[1.731s] Invoked command in '/home/prl/track_robot_ws/build/track_robot_teleop' returned '0': PYTHONPATH=/home/prl/track_robot_ws/build/track_robot_teleop/prefix_override:/usr/lib/python3/dist-packages/colcon_core/task/python/colcon_distutils_commands:/home/prl/track_robot_ws/install/track_robot_teleop/lib/python3.8/site-packages:${PYTHONPATH} /usr/bin/python3 -W ignore:setup.py install is deprecated -W ignore:easy_install command is deprecated setup.py develop --editable --build-directory /home/prl/track_robot_ws/build/track_robot_teleop/build --no-deps symlink_data
