-- The C compiler identification is GNU 9.4.0
-- The CXX compiler identification is GNU 9.4.0
-- Check for working C compiler: /usr/bin/cc
-- Check for working C compiler: /usr/bin/cc -- works
-- Detecting C compiler ABI info
-- Detecting C compiler ABI info - done
-- Detecting C compile features
-- Detecting C compile features - done
-- Check for working CXX compiler: /usr/bin/c++
-- Check for working CXX compiler: /usr/bin/c++ -- works
-- Detecting CXX compiler ABI info
-- Detecting CXX compiler ABI info - done
-- Detecting CXX compile features
-- Detecting CXX compile features - done
-- Found ament_cmake: 0.9.12 (/opt/ros/foxy/share/ament_cmake/cmake)
-- Found PythonInterp: /usr/bin/python3 (found suitable version "3.8.10", minimum required is "3") 
-- Using PYTHON_EXECUTABLE: /usr/bin/python3
-- Override CMake install command with custom implementation using symlinks instead of copying resources
-- Configuring done
-- Generating done
-- Build files have been written to: /home/prl/track_robot_ws/build/track_robot_bringup
-- Install configuration: ""
-- Execute custom install script
-- Symlinking: /home/prl/track_robot_ws/install/track_robot_bringup/share/track_robot_bringup/launch/pc_keyboard_teleop.launch.py
-- Symlinking: /home/prl/track_robot_ws/install/track_robot_bringup/share/track_robot_bringup/config/keyboard_teleop.yaml
-- Symlinking: /home/prl/track_robot_ws/install/track_robot_bringup/share/ament_index/resource_index/package_run_dependencies/track_robot_bringup
-- Symlinking: /home/prl/track_robot_ws/install/track_robot_bringup/share/ament_index/resource_index/parent_prefix_path/track_robot_bringup
-- Symlinking: /home/prl/track_robot_ws/install/track_robot_bringup/share/track_robot_bringup/environment/ament_prefix_path.sh
-- Symlinking: /home/prl/track_robot_ws/install/track_robot_bringup/share/track_robot_bringup/environment/ament_prefix_path.dsv
-- Symlinking: /home/prl/track_robot_ws/install/track_robot_bringup/share/track_robot_bringup/environment/path.sh
-- Symlinking: /home/prl/track_robot_ws/install/track_robot_bringup/share/track_robot_bringup/environment/path.dsv
-- Symlinking: /home/prl/track_robot_ws/install/track_robot_bringup/share/track_robot_bringup/local_setup.bash
-- Symlinking: /home/prl/track_robot_ws/install/track_robot_bringup/share/track_robot_bringup/local_setup.sh
-- Symlinking: /home/prl/track_robot_ws/install/track_robot_bringup/share/track_robot_bringup/local_setup.zsh
-- Symlinking: /home/prl/track_robot_ws/install/track_robot_bringup/share/track_robot_bringup/local_setup.dsv
-- Symlinking: /home/prl/track_robot_ws/install/track_robot_bringup/share/track_robot_bringup/package.dsv
-- Symlinking: /home/prl/track_robot_ws/install/track_robot_bringup/share/ament_index/resource_index/packages/track_robot_bringup
-- Symlinking: /home/prl/track_robot_ws/install/track_robot_bringup/share/track_robot_bringup/cmake/track_robot_bringupConfig.cmake
-- Symlinking: /home/prl/track_robot_ws/install/track_robot_bringup/share/track_robot_bringup/cmake/track_robot_bringupConfig-version.cmake
-- Symlinking: /home/prl/track_robot_ws/install/track_robot_bringup/share/track_robot_bringup/package.xml
