[0.011s] Invoking command in '/home/prl/track_robot_ws/build/bunker_base': CMAKE_PREFIX_PATH=/home/prl/track_robot_ws/install/track_robot_teleop:/opt/ros/foxy:/home/prl/track_robot_ws/install/ugv_sdk:/home/prl/track_robot_ws/install/bunker_msgs:/home/prl/track_robot_ws/install/bunker_base:/home/prl/track_robot_ws/install/track_robot_control:/home/prl/track_robot_ws/install/track_robot_interfaces:/home/prl/track_robot_ws/install/track_robot_drivers:/home/prl/track_robot_ws/install/track_robot_core:/home/prl/track_robot_ws/install/track_robot_bringup:/home/prl/track_robot_ws/install/rslidar_sdk:/home/prl/track_robot_ws/install/rslidar_msg LD_LIBRARY_PATH=/home/prl/track_robot_ws/install/bunker_msgs/lib:/home/prl/track_robot_ws/install/rslidar_msg/lib:/opt/ros/foxy/opt/yaml_cpp_vendor/lib:/opt/ros/foxy/opt/rviz_ogre_vendor/lib:/opt/ros/foxy/lib/x86_64-linux-gnu:/opt/ros/foxy/lib PYTHONPATH=/home/prl/track_robot_ws/install/bunker_msgs/lib/python3.8/site-packages:/home/prl/track_robot_ws/build/track_robot_teleop:/home/prl/track_robot_ws/install/track_robot_teleop/lib/python3.8/site-packages:/home/prl/track_robot_ws/install/rslidar_msg/lib/python3.8/site-packages:/opt/ros/foxy/lib/python3.8/site-packages /usr/bin/cmake /home/prl/track_robot_ws/src/third_party_ros/bunker_ros2/bunker_base -DAMENT_CMAKE_SYMLINK_INSTALL=1 -DCMAKE_INSTALL_PREFIX=/home/prl/track_robot_ws/install/bunker_base
[0.068s] -- The C compiler identification is GNU 9.4.0
[0.123s] -- The CXX compiler identification is GNU 9.4.0
[0.128s] -- Check for working C compiler: /usr/bin/cc
[0.194s] -- Check for working C compiler: /usr/bin/cc -- works
[0.195s] -- Detecting C compiler ABI info
[0.259s] -- Detecting C compiler ABI info - done
[0.271s] -- Detecting C compile features
[0.271s] -- Detecting C compile features - done
[0.274s] -- Check for working CXX compiler: /usr/bin/c++
[0.348s] -- Check for working CXX compiler: /usr/bin/c++ -- works
[0.349s] -- Detecting CXX compiler ABI info
[0.421s] -- Detecting CXX compiler ABI info - done
[0.433s] -- Detecting CXX compile features
[0.434s] -- Detecting CXX compile features - done
[0.435s] -- Found ament_cmake: 0.9.12 (/opt/ros/foxy/share/ament_cmake/cmake)
[0.463s] -- Found PythonInterp: /usr/bin/python3 (found suitable version "3.8.10", minimum required is "3") 
[0.463s] -- Using PYTHON_EXECUTABLE: /usr/bin/python3
[0.636s] -- Override CMake install command with custom implementation using symlinks instead of copying resources
[0.655s] -- Found rclcpp: 2.4.3 (/opt/ros/foxy/share/rclcpp/cmake)
[0.700s] -- Using all available rosidl_typesupport_c: rosidl_typesupport_fastrtps_c;rosidl_typesupport_introspection_c
[0.706s] -- Found rosidl_adapter: 1.3.1 (/opt/ros/foxy/share/rosidl_adapter/cmake)
[0.772s] -- Found OpenSSL: /usr/lib/x86_64-linux-gnu/libcrypto.so (found version "1.1.1f")  
[0.799s] -- Found FastRTPS: /opt/ros/foxy/include  
[0.877s] -- Using all available rosidl_typesupport_cpp: rosidl_typesupport_fastrtps_cpp;rosidl_typesupport_introspection_cpp
[0.937s] -- Found rmw_implementation_cmake: 1.0.4 (/opt/ros/foxy/share/rmw_implementation_cmake/cmake)
[0.939s] -- Using RMW implementation 'rmw_fastrtps_cpp' as default
[0.940s] -- Looking for pthread.h
[1.005s] -- Looking for pthread.h - found
[1.005s] -- Performing Test CMAKE_HAVE_LIBC_PTHREAD
[1.072s] -- Performing Test CMAKE_HAVE_LIBC_PTHREAD - Failed
[1.073s] -- Looking for pthread_create in pthreads
[1.126s] -- Looking for pthread_create in pthreads - not found
[1.126s] -- Looking for pthread_create in pthread
[1.189s] -- Looking for pthread_create in pthread - found
[1.191s] -- Found Threads: TRUE  
[1.350s] -- Found geometry_msgs: 2.0.5 (/opt/ros/foxy/share/geometry_msgs/cmake)
[1.393s] -- Found nav_msgs: 2.0.5 (/opt/ros/foxy/share/nav_msgs/cmake)
[1.466s] -- Found sensor_msgs: 2.0.5 (/opt/ros/foxy/share/sensor_msgs/cmake)
[1.537s] -- Found tf2: 0.13.14 (/opt/ros/foxy/share/tf2/cmake)
[1.549s] -- Found tf2_ros: 0.13.14 (/opt/ros/foxy/share/tf2_ros/cmake)
[1.889s] -- Found tf2_geometry_msgs: 0.13.14 (/opt/ros/foxy/share/tf2_geometry_msgs/cmake)
[1.898s] -- Found eigen3_cmake_module: 0.1.1 (/opt/ros/foxy/share/eigen3_cmake_module/cmake)
[1.902s] -- Found Eigen3: TRUE (found version "3.3.7") 
[1.926s] -- Found bunker_msgs: 0.1.0 (/home/prl/track_robot_ws/install/bunker_msgs/share/bunker_msgs/cmake)
[1.968s] -- Found ament_lint_auto: 0.9.8 (/opt/ros/foxy/share/ament_lint_auto/cmake)
[2.042s] -- Added test 'copyright' to check source files copyright and LICENSE
[2.043s] -- Added test 'cppcheck' to perform static code analysis on C / C++ code
[2.043s] -- Configured cppcheck include dirs: /home/prl/track_robot_ws/src/third_party_ros/bunker_ros2/bunker_base/include
[2.044s] -- Configured cppcheck exclude dirs and/or files: 
[2.044s] -- Added test 'cpplint' to check C / C++ code against the Google style
[2.045s] -- Configured cpplint exclude dirs and/or files: 
[2.045s] -- Added test 'flake8' to check Python code syntax and style conventions
[2.046s] -- Added test 'lint_cmake' to check CMake code style
[2.046s] -- Added test 'pep257' to check Python code against some of the style conventions in PEP 257
[2.047s] -- Added test 'uncrustify' to check C / C++ code style
[2.047s] -- Configured uncrustify additional arguments: 
[2.048s] -- Added test 'xmllint' to check XML markup files
[2.051s] -- Configuring done
[2.064s] -- Generating done
[2.070s] -- Build files have been written to: /home/prl/track_robot_ws/build/bunker_base
[2.078s] Invoked command in '/home/prl/track_robot_ws/build/bunker_base' returned '0': CMAKE_PREFIX_PATH=/home/prl/track_robot_ws/install/track_robot_teleop:/opt/ros/foxy:/home/prl/track_robot_ws/install/ugv_sdk:/home/prl/track_robot_ws/install/bunker_msgs:/home/prl/track_robot_ws/install/bunker_base:/home/prl/track_robot_ws/install/track_robot_control:/home/prl/track_robot_ws/install/track_robot_interfaces:/home/prl/track_robot_ws/install/track_robot_drivers:/home/prl/track_robot_ws/install/track_robot_core:/home/prl/track_robot_ws/install/track_robot_bringup:/home/prl/track_robot_ws/install/rslidar_sdk:/home/prl/track_robot_ws/install/rslidar_msg LD_LIBRARY_PATH=/home/prl/track_robot_ws/install/bunker_msgs/lib:/home/prl/track_robot_ws/install/rslidar_msg/lib:/opt/ros/foxy/opt/yaml_cpp_vendor/lib:/opt/ros/foxy/opt/rviz_ogre_vendor/lib:/opt/ros/foxy/lib/x86_64-linux-gnu:/opt/ros/foxy/lib PYTHONPATH=/home/prl/track_robot_ws/install/bunker_msgs/lib/python3.8/site-packages:/home/prl/track_robot_ws/build/track_robot_teleop:/home/prl/track_robot_ws/install/track_robot_teleop/lib/python3.8/site-packages:/home/prl/track_robot_ws/install/rslidar_msg/lib/python3.8/site-packages:/opt/ros/foxy/lib/python3.8/site-packages /usr/bin/cmake /home/prl/track_robot_ws/src/third_party_ros/bunker_ros2/bunker_base -DAMENT_CMAKE_SYMLINK_INSTALL=1 -DCMAKE_INSTALL_PREFIX=/home/prl/track_robot_ws/install/bunker_base
[2.080s] Invoking command in '/home/prl/track_robot_ws/build/bunker_base': CMAKE_PREFIX_PATH=/home/prl/track_robot_ws/install/track_robot_teleop:/opt/ros/foxy:/home/prl/track_robot_ws/install/ugv_sdk:/home/prl/track_robot_ws/install/bunker_msgs:/home/prl/track_robot_ws/install/bunker_base:/home/prl/track_robot_ws/install/track_robot_control:/home/prl/track_robot_ws/install/track_robot_interfaces:/home/prl/track_robot_ws/install/track_robot_drivers:/home/prl/track_robot_ws/install/track_robot_core:/home/prl/track_robot_ws/install/track_robot_bringup:/home/prl/track_robot_ws/install/rslidar_sdk:/home/prl/track_robot_ws/install/rslidar_msg LD_LIBRARY_PATH=/home/prl/track_robot_ws/install/bunker_msgs/lib:/home/prl/track_robot_ws/install/rslidar_msg/lib:/opt/ros/foxy/opt/yaml_cpp_vendor/lib:/opt/ros/foxy/opt/rviz_ogre_vendor/lib:/opt/ros/foxy/lib/x86_64-linux-gnu:/opt/ros/foxy/lib PYTHONPATH=/home/prl/track_robot_ws/install/bunker_msgs/lib/python3.8/site-packages:/home/prl/track_robot_ws/build/track_robot_teleop:/home/prl/track_robot_ws/install/track_robot_teleop/lib/python3.8/site-packages:/home/prl/track_robot_ws/install/rslidar_msg/lib/python3.8/site-packages:/opt/ros/foxy/lib/python3.8/site-packages /usr/bin/cmake --build /home/prl/track_robot_ws/build/bunker_base -- -j16 -l16
[2.119s] [35m[1mScanning dependencies of target bunker_base_node[0m
[2.173s] [ 33%] [32mBuilding CXX object CMakeFiles/bunker_base_node.dir/src/bunker_base_ros.cpp.o[0m
[2.173s] [ 66%] [32mBuilding CXX object CMakeFiles/bunker_base_node.dir/src/bunker_base_node.cpp.o[0m
[4.361s] In file included from [01m[K/home/prl/track_robot_ws/src/third_party_ros/bunker_ros2/bunker_base/src/bunker_base_ros.cpp:12[m[K:
[4.361s] /home/prl/track_robot_ws/src/third_party_ros/bunker_ros2/bunker_base/include/bunker_base/bunker_messenger.hpp: In instantiation of ‘[01m[Kvoid westonrobot::BunkerMessenger<BunkerType>::PublishStateToROS() [with BunkerType = westonrobot::BunkerRobot][m[K’:
[4.361s] [01m[K/home/prl/track_robot_ws/src/third_party_ros/bunker_ros2/bunker_base/src/bunker_base_ros.cpp:121:34:[m[K   required from here
[4.361s] [01m[K/home/prl/track_robot_ws/src/third_party_ros/bunker_ros2/bunker_base/include/bunker_base/bunker_messenger.hpp:110:15:[m[K [01;35m[Kwarning: [m[Kvariable ‘[01m[Kmotor_id[m[K’ set but not used [[01;35m[K-Wunused-but-set-variable[m[K]
[4.361s]   110 |       uint8_t [01;35m[Kmotor_id[m[K = actuator.actuator_hs_state[i].motor_id;
[4.361s]       |               [01;35m[K^~~~~~~~[m[K
[8.672s] [100%] [32m[1mLinking CXX executable bunker_base_node[0m
[8.964s] [100%] Built target bunker_base_node
[8.973s] Invoked command in '/home/prl/track_robot_ws/build/bunker_base' returned '0': CMAKE_PREFIX_PATH=/home/prl/track_robot_ws/install/track_robot_teleop:/opt/ros/foxy:/home/prl/track_robot_ws/install/ugv_sdk:/home/prl/track_robot_ws/install/bunker_msgs:/home/prl/track_robot_ws/install/bunker_base:/home/prl/track_robot_ws/install/track_robot_control:/home/prl/track_robot_ws/install/track_robot_interfaces:/home/prl/track_robot_ws/install/track_robot_drivers:/home/prl/track_robot_ws/install/track_robot_core:/home/prl/track_robot_ws/install/track_robot_bringup:/home/prl/track_robot_ws/install/rslidar_sdk:/home/prl/track_robot_ws/install/rslidar_msg LD_LIBRARY_PATH=/home/prl/track_robot_ws/install/bunker_msgs/lib:/home/prl/track_robot_ws/install/rslidar_msg/lib:/opt/ros/foxy/opt/yaml_cpp_vendor/lib:/opt/ros/foxy/opt/rviz_ogre_vendor/lib:/opt/ros/foxy/lib/x86_64-linux-gnu:/opt/ros/foxy/lib PYTHONPATH=/home/prl/track_robot_ws/install/bunker_msgs/lib/python3.8/site-packages:/home/prl/track_robot_ws/build/track_robot_teleop:/home/prl/track_robot_ws/install/track_robot_teleop/lib/python3.8/site-packages:/home/prl/track_robot_ws/install/rslidar_msg/lib/python3.8/site-packages:/opt/ros/foxy/lib/python3.8/site-packages /usr/bin/cmake --build /home/prl/track_robot_ws/build/bunker_base -- -j16 -l16
[8.975s] Invoking command in '/home/prl/track_robot_ws/build/bunker_base': CMAKE_PREFIX_PATH=/home/prl/track_robot_ws/install/track_robot_teleop:/opt/ros/foxy:/home/prl/track_robot_ws/install/ugv_sdk:/home/prl/track_robot_ws/install/bunker_msgs:/home/prl/track_robot_ws/install/bunker_base:/home/prl/track_robot_ws/install/track_robot_control:/home/prl/track_robot_ws/install/track_robot_interfaces:/home/prl/track_robot_ws/install/track_robot_drivers:/home/prl/track_robot_ws/install/track_robot_core:/home/prl/track_robot_ws/install/track_robot_bringup:/home/prl/track_robot_ws/install/rslidar_sdk:/home/prl/track_robot_ws/install/rslidar_msg LD_LIBRARY_PATH=/home/prl/track_robot_ws/install/bunker_msgs/lib:/home/prl/track_robot_ws/install/rslidar_msg/lib:/opt/ros/foxy/opt/yaml_cpp_vendor/lib:/opt/ros/foxy/opt/rviz_ogre_vendor/lib:/opt/ros/foxy/lib/x86_64-linux-gnu:/opt/ros/foxy/lib PYTHONPATH=/home/prl/track_robot_ws/install/bunker_msgs/lib/python3.8/site-packages:/home/prl/track_robot_ws/build/track_robot_teleop:/home/prl/track_robot_ws/install/track_robot_teleop/lib/python3.8/site-packages:/home/prl/track_robot_ws/install/rslidar_msg/lib/python3.8/site-packages:/opt/ros/foxy/lib/python3.8/site-packages /usr/bin/cmake --install /home/prl/track_robot_ws/build/bunker_base
[8.982s] -- Install configuration: ""
[8.982s] -- Execute custom install script
[8.983s] -- Symlinking: /home/prl/track_robot_ws/install/bunker_base/lib/bunker_base/bunker_base_node
[8.991s] -- Symlinking: /home/prl/track_robot_ws/install/bunker_base/share/bunker_base//launch/bunker_base.launch.py
[9.000s] -- Symlinking: /home/prl/track_robot_ws/install/bunker_base/share/ament_index/resource_index/package_run_dependencies/bunker_base
[9.008s] -- Symlinking: /home/prl/track_robot_ws/install/bunker_base/share/ament_index/resource_index/parent_prefix_path/bunker_base
[9.015s] -- Symlinking: /home/prl/track_robot_ws/install/bunker_base/share/bunker_base/environment/ament_prefix_path.sh
[9.022s] -- Symlinking: /home/prl/track_robot_ws/install/bunker_base/share/bunker_base/environment/ament_prefix_path.dsv
[9.029s] -- Symlinking: /home/prl/track_robot_ws/install/bunker_base/share/bunker_base/environment/path.sh
[9.036s] -- Symlinking: /home/prl/track_robot_ws/install/bunker_base/share/bunker_base/environment/path.dsv
[9.043s] -- Symlinking: /home/prl/track_robot_ws/install/bunker_base/share/bunker_base/local_setup.bash
[9.050s] -- Symlinking: /home/prl/track_robot_ws/install/bunker_base/share/bunker_base/local_setup.sh
[9.057s] -- Symlinking: /home/prl/track_robot_ws/install/bunker_base/share/bunker_base/local_setup.zsh
[9.063s] -- Symlinking: /home/prl/track_robot_ws/install/bunker_base/share/bunker_base/local_setup.dsv
[9.071s] -- Symlinking: /home/prl/track_robot_ws/install/bunker_base/share/bunker_base/package.dsv
[9.077s] -- Symlinking: /home/prl/track_robot_ws/install/bunker_base/share/ament_index/resource_index/packages/bunker_base
[9.085s] -- Symlinking: /home/prl/track_robot_ws/install/bunker_base/share/bunker_base/cmake/bunker_baseConfig.cmake
[9.092s] -- Symlinking: /home/prl/track_robot_ws/install/bunker_base/share/bunker_base/cmake/bunker_baseConfig-version.cmake
[9.098s] -- Symlinking: /home/prl/track_robot_ws/install/bunker_base/share/bunker_base/package.xml
[9.107s] Invoked command in '/home/prl/track_robot_ws/build/bunker_base' returned '0': CMAKE_PREFIX_PATH=/home/prl/track_robot_ws/install/track_robot_teleop:/opt/ros/foxy:/home/prl/track_robot_ws/install/ugv_sdk:/home/prl/track_robot_ws/install/bunker_msgs:/home/prl/track_robot_ws/install/bunker_base:/home/prl/track_robot_ws/install/track_robot_control:/home/prl/track_robot_ws/install/track_robot_interfaces:/home/prl/track_robot_ws/install/track_robot_drivers:/home/prl/track_robot_ws/install/track_robot_core:/home/prl/track_robot_ws/install/track_robot_bringup:/home/prl/track_robot_ws/install/rslidar_sdk:/home/prl/track_robot_ws/install/rslidar_msg LD_LIBRARY_PATH=/home/prl/track_robot_ws/install/bunker_msgs/lib:/home/prl/track_robot_ws/install/rslidar_msg/lib:/opt/ros/foxy/opt/yaml_cpp_vendor/lib:/opt/ros/foxy/opt/rviz_ogre_vendor/lib:/opt/ros/foxy/lib/x86_64-linux-gnu:/opt/ros/foxy/lib PYTHONPATH=/home/prl/track_robot_ws/install/bunker_msgs/lib/python3.8/site-packages:/home/prl/track_robot_ws/build/track_robot_teleop:/home/prl/track_robot_ws/install/track_robot_teleop/lib/python3.8/site-packages:/home/prl/track_robot_ws/install/rslidar_msg/lib/python3.8/site-packages:/opt/ros/foxy/lib/python3.8/site-packages /usr/bin/cmake --install /home/prl/track_robot_ws/build/bunker_base
