[0.043s] Invoking command in '/home/prl/track_robot_ws/build/track_robot_drivers': CMAKE_PREFIX_PATH=${CMAKE_PREFIX_PATH}:/home/prl/track_robot_ws/install/track_robot_teleop:/opt/ros/foxy /usr/bin/cmake /home/prl/track_robot_ws/src/track_robot/track_robot_drivers -DAMENT_CMAKE_SYMLINK_INSTALL=1 -DCMAKE_INSTALL_PREFIX=/home/prl/track_robot_ws/install/track_robot_drivers
[0.356s] -- The C compiler identification is GNU 9.4.0
[0.356s] -- The CXX compiler identification is GNU 9.4.0
[0.356s] -- Check for working C compiler: /usr/bin/cc
[0.356s] -- Check for working C compiler: /usr/bin/cc -- works
[0.357s] -- Detecting C compiler ABI info
[0.357s] -- Detecting C compiler ABI info - done
[0.357s] -- Detecting C compile features
[0.357s] -- Detecting C compile features - done
[0.357s] -- Check for working CXX compiler: /usr/bin/c++
[0.424s] -- Check for working CXX compiler: /usr/bin/c++ -- works
[0.425s] -- Detecting CXX compiler ABI info
[0.519s] -- Detecting CXX compiler ABI info - done
[0.535s] -- Detecting CXX compile features
[0.535s] -- Detecting CXX compile features - done
[0.537s] -- Found ament_cmake: 0.9.12 (/opt/ros/foxy/share/ament_cmake/cmake)
[0.565s] -- Found PythonInterp: /usr/bin/python3 (found suitable version "3.8.10", minimum required is "3") 
[0.565s] -- Using PYTHON_EXECUTABLE: /usr/bin/python3
[0.767s] -- Override CMake install command with custom implementation using symlinks instead of copying resources
[0.790s] -- Found rclcpp: 2.4.3 (/opt/ros/foxy/share/rclcpp/cmake)
[0.839s] -- Using all available rosidl_typesupport_c: rosidl_typesupport_fastrtps_c;rosidl_typesupport_introspection_c
[0.849s] -- Found rosidl_adapter: 1.3.1 (/opt/ros/foxy/share/rosidl_adapter/cmake)
[0.946s] -- Found OpenSSL: /usr/lib/x86_64-linux-gnu/libcrypto.so (found version "1.1.1f")  
[1.002s] -- Found FastRTPS: /opt/ros/foxy/include  
[1.201s] -- Using all available rosidl_typesupport_cpp: rosidl_typesupport_fastrtps_cpp;rosidl_typesupport_introspection_cpp
[1.311s] -- Found rmw_implementation_cmake: 1.0.4 (/opt/ros/foxy/share/rmw_implementation_cmake/cmake)
[1.315s] -- Using RMW implementation 'rmw_fastrtps_cpp' as default
[1.316s] -- Looking for pthread.h
[1.445s] -- Looking for pthread.h - found
[1.449s] -- Performing Test CMAKE_HAVE_LIBC_PTHREAD
[1.567s] -- Performing Test CMAKE_HAVE_LIBC_PTHREAD - Failed
[1.567s] -- Looking for pthread_create in pthreads
[1.657s] -- Looking for pthread_create in pthreads - not found
[1.658s] -- Looking for pthread_create in pthread
[1.819s] -- Looking for pthread_create in pthread - found
[1.821s] -- Found Threads: TRUE  
[2.181s] -- Found sensor_msgs: 2.0.5 (/opt/ros/foxy/share/sensor_msgs/cmake)
[2.562s] -- Configuring done
[2.566s] -- Generating done
[2.571s] -- Build files have been written to: /home/prl/track_robot_ws/build/track_robot_drivers
[2.589s] Invoked command in '/home/prl/track_robot_ws/build/track_robot_drivers' returned '0': CMAKE_PREFIX_PATH=${CMAKE_PREFIX_PATH}:/home/prl/track_robot_ws/install/track_robot_teleop:/opt/ros/foxy /usr/bin/cmake /home/prl/track_robot_ws/src/track_robot/track_robot_drivers -DAMENT_CMAKE_SYMLINK_INSTALL=1 -DCMAKE_INSTALL_PREFIX=/home/prl/track_robot_ws/install/track_robot_drivers
[2.590s] Invoking command in '/home/prl/track_robot_ws/build/track_robot_drivers': CMAKE_PREFIX_PATH=${CMAKE_PREFIX_PATH}:/home/prl/track_robot_ws/install/track_robot_teleop:/opt/ros/foxy /usr/bin/cmake --build /home/prl/track_robot_ws/build/track_robot_drivers -- -j16 -l16
[2.658s] Invoked command in '/home/prl/track_robot_ws/build/track_robot_drivers' returned '0': CMAKE_PREFIX_PATH=${CMAKE_PREFIX_PATH}:/home/prl/track_robot_ws/install/track_robot_teleop:/opt/ros/foxy /usr/bin/cmake --build /home/prl/track_robot_ws/build/track_robot_drivers -- -j16 -l16
[2.662s] Invoking command in '/home/prl/track_robot_ws/build/track_robot_drivers': CMAKE_PREFIX_PATH=${CMAKE_PREFIX_PATH}:/home/prl/track_robot_ws/install/track_robot_teleop:/opt/ros/foxy /usr/bin/cmake --install /home/prl/track_robot_ws/build/track_robot_drivers
[2.675s] -- Install configuration: ""
[2.676s] -- Execute custom install script
[2.676s] -- Symlinking: /home/prl/track_robot_ws/install/track_robot_drivers/share/ament_index/resource_index/package_run_dependencies/track_robot_drivers
[2.692s] -- Symlinking: /home/prl/track_robot_ws/install/track_robot_drivers/share/ament_index/resource_index/parent_prefix_path/track_robot_drivers
[2.707s] -- Symlinking: /home/prl/track_robot_ws/install/track_robot_drivers/share/track_robot_drivers/environment/ament_prefix_path.sh
[2.722s] -- Symlinking: /home/prl/track_robot_ws/install/track_robot_drivers/share/track_robot_drivers/environment/ament_prefix_path.dsv
[2.736s] -- Symlinking: /home/prl/track_robot_ws/install/track_robot_drivers/share/track_robot_drivers/environment/path.sh
[2.751s] -- Symlinking: /home/prl/track_robot_ws/install/track_robot_drivers/share/track_robot_drivers/environment/path.dsv
[2.766s] -- Symlinking: /home/prl/track_robot_ws/install/track_robot_drivers/share/track_robot_drivers/local_setup.bash
[2.782s] -- Symlinking: /home/prl/track_robot_ws/install/track_robot_drivers/share/track_robot_drivers/local_setup.sh
[2.798s] -- Symlinking: /home/prl/track_robot_ws/install/track_robot_drivers/share/track_robot_drivers/local_setup.zsh
[2.814s] -- Symlinking: /home/prl/track_robot_ws/install/track_robot_drivers/share/track_robot_drivers/local_setup.dsv
[2.829s] -- Symlinking: /home/prl/track_robot_ws/install/track_robot_drivers/share/track_robot_drivers/package.dsv
[2.845s] -- Symlinking: /home/prl/track_robot_ws/install/track_robot_drivers/share/ament_index/resource_index/packages/track_robot_drivers
[2.860s] -- Symlinking: /home/prl/track_robot_ws/install/track_robot_drivers/share/track_robot_drivers/cmake/track_robot_driversConfig.cmake
[2.876s] -- Symlinking: /home/prl/track_robot_ws/install/track_robot_drivers/share/track_robot_drivers/cmake/track_robot_driversConfig-version.cmake
[2.892s] -- Symlinking: /home/prl/track_robot_ws/install/track_robot_drivers/share/track_robot_drivers/package.xml
[2.921s] Invoked command in '/home/prl/track_robot_ws/build/track_robot_drivers' returned '0': CMAKE_PREFIX_PATH=${CMAKE_PREFIX_PATH}:/home/prl/track_robot_ws/install/track_robot_teleop:/opt/ros/foxy /usr/bin/cmake --install /home/prl/track_robot_ws/build/track_robot_drivers
