[0.016s] Invoking command in '/home/prl/track_robot_ws/build/track_robot_control': CMAKE_PREFIX_PATH=/home/prl/track_robot_ws/install/track_robot_interfaces:/home/prl/track_robot_ws/install/bunker_base:/home/prl/track_robot_ws/install/ugv_sdk:/home/prl/track_robot_ws/install/track_robot_control:/home/prl/track_robot_ws/install/track_robot_drivers:/home/prl/track_robot_ws/install/track_robot_core:/home/prl/track_robot_ws/install/track_robot_bringup:/home/prl/track_robot_ws/install/rslidar_sdk:/home/prl/track_robot_ws/install/rslidar_msg:/home/prl/track_robot_ws/install/bunker_msgs:/home/prl/track_robot_ws/install/track_robot_teleop:/opt/ros/foxy /usr/bin/cmake /home/prl/track_robot_ws/src/track_robot/track_robot_control -DAMENT_CMAKE_SYMLINK_INSTALL=1 -DCMAKE_INSTALL_PREFIX=/home/prl/track_robot_ws/install/track_robot_control
[0.105s] -- The C compiler identification is GNU 9.4.0
[0.194s] -- The CXX compiler identification is GNU 9.4.0
[0.211s] -- Check for working C compiler: /usr/bin/cc
[0.320s] -- Check for working C compiler: /usr/bin/cc -- works
[0.320s] -- Detecting C compiler ABI info
[0.414s] -- Detecting C compiler ABI info - done
[0.428s] -- Detecting C compile features
[0.429s] -- Detecting C compile features - done
[0.433s] -- Check for working CXX compiler: /usr/bin/c++
[0.520s] -- Check for working CXX compiler: /usr/bin/c++ -- works
[0.521s] -- Detecting CXX compiler ABI info
[0.618s] -- Detecting CXX compiler ABI info - done
[0.633s] -- Detecting CXX compile features
[0.633s] -- Detecting CXX compile features - done
[0.636s] -- Found ament_cmake: 0.9.12 (/opt/ros/foxy/share/ament_cmake/cmake)
[0.677s] -- Found PythonInterp: /usr/bin/python3 (found suitable version "3.8.10", minimum required is "3") 
[0.680s] -- Using PYTHON_EXECUTABLE: /usr/bin/python3
[0.984s] -- Override CMake install command with custom implementation using symlinks instead of copying resources
[1.022s] -- Found rclcpp: 2.4.3 (/opt/ros/foxy/share/rclcpp/cmake)
[1.111s] -- Using all available rosidl_typesupport_c: rosidl_typesupport_fastrtps_c;rosidl_typesupport_introspection_c
[1.125s] -- Found rosidl_adapter: 1.3.1 (/opt/ros/foxy/share/rosidl_adapter/cmake)
[1.293s] -- Found OpenSSL: /usr/lib/x86_64-linux-gnu/libcrypto.so (found version "1.1.1f")  
[1.351s] -- Found FastRTPS: /opt/ros/foxy/include  
[1.500s] -- Using all available rosidl_typesupport_cpp: rosidl_typesupport_fastrtps_cpp;rosidl_typesupport_introspection_cpp
[1.618s] -- Found rmw_implementation_cmake: 1.0.4 (/opt/ros/foxy/share/rmw_implementation_cmake/cmake)
[1.621s] -- Using RMW implementation 'rmw_fastrtps_cpp' as default
[1.623s] -- Looking for pthread.h
[1.737s] -- Looking for pthread.h - found
[1.738s] -- Performing Test CMAKE_HAVE_LIBC_PTHREAD
[1.863s] -- Performing Test CMAKE_HAVE_LIBC_PTHREAD - Failed
[1.863s] -- Looking for pthread_create in pthreads
[1.969s] -- Looking for pthread_create in pthreads - not found
[1.969s] -- Looking for pthread_create in pthread
[2.298s] -- Looking for pthread_create in pthread - found
[2.300s] -- Found Threads: TRUE  
[2.680s] -- Found geometry_msgs: 2.0.5 (/opt/ros/foxy/share/geometry_msgs/cmake)
[2.758s] -- Found track_robot_interfaces: 0.0.1 (/home/prl/track_robot_ws/install/track_robot_interfaces/share/track_robot_interfaces/cmake)
[2.878s] -- Configuring done
[2.882s] -- Generating done
[2.885s] -- Build files have been written to: /home/prl/track_robot_ws/build/track_robot_control
[2.908s] Invoked command in '/home/prl/track_robot_ws/build/track_robot_control' returned '0': CMAKE_PREFIX_PATH=/home/prl/track_robot_ws/install/track_robot_interfaces:/home/prl/track_robot_ws/install/bunker_base:/home/prl/track_robot_ws/install/ugv_sdk:/home/prl/track_robot_ws/install/track_robot_control:/home/prl/track_robot_ws/install/track_robot_drivers:/home/prl/track_robot_ws/install/track_robot_core:/home/prl/track_robot_ws/install/track_robot_bringup:/home/prl/track_robot_ws/install/rslidar_sdk:/home/prl/track_robot_ws/install/rslidar_msg:/home/prl/track_robot_ws/install/bunker_msgs:/home/prl/track_robot_ws/install/track_robot_teleop:/opt/ros/foxy /usr/bin/cmake /home/prl/track_robot_ws/src/track_robot/track_robot_control -DAMENT_CMAKE_SYMLINK_INSTALL=1 -DCMAKE_INSTALL_PREFIX=/home/prl/track_robot_ws/install/track_robot_control
[2.909s] Invoking command in '/home/prl/track_robot_ws/build/track_robot_control': CMAKE_PREFIX_PATH=/home/prl/track_robot_ws/install/track_robot_interfaces:/home/prl/track_robot_ws/install/bunker_base:/home/prl/track_robot_ws/install/ugv_sdk:/home/prl/track_robot_ws/install/track_robot_control:/home/prl/track_robot_ws/install/track_robot_drivers:/home/prl/track_robot_ws/install/track_robot_core:/home/prl/track_robot_ws/install/track_robot_bringup:/home/prl/track_robot_ws/install/rslidar_sdk:/home/prl/track_robot_ws/install/rslidar_msg:/home/prl/track_robot_ws/install/bunker_msgs:/home/prl/track_robot_ws/install/track_robot_teleop:/opt/ros/foxy /usr/bin/cmake --build /home/prl/track_robot_ws/build/track_robot_control -- -j16 -l16
[3.051s] Invoked command in '/home/prl/track_robot_ws/build/track_robot_control' returned '0': CMAKE_PREFIX_PATH=/home/prl/track_robot_ws/install/track_robot_interfaces:/home/prl/track_robot_ws/install/bunker_base:/home/prl/track_robot_ws/install/ugv_sdk:/home/prl/track_robot_ws/install/track_robot_control:/home/prl/track_robot_ws/install/track_robot_drivers:/home/prl/track_robot_ws/install/track_robot_core:/home/prl/track_robot_ws/install/track_robot_bringup:/home/prl/track_robot_ws/install/rslidar_sdk:/home/prl/track_robot_ws/install/rslidar_msg:/home/prl/track_robot_ws/install/bunker_msgs:/home/prl/track_robot_ws/install/track_robot_teleop:/opt/ros/foxy /usr/bin/cmake --build /home/prl/track_robot_ws/build/track_robot_control -- -j16 -l16
[3.055s] Invoking command in '/home/prl/track_robot_ws/build/track_robot_control': CMAKE_PREFIX_PATH=/home/prl/track_robot_ws/install/track_robot_interfaces:/home/prl/track_robot_ws/install/bunker_base:/home/prl/track_robot_ws/install/ugv_sdk:/home/prl/track_robot_ws/install/track_robot_control:/home/prl/track_robot_ws/install/track_robot_drivers:/home/prl/track_robot_ws/install/track_robot_core:/home/prl/track_robot_ws/install/track_robot_bringup:/home/prl/track_robot_ws/install/rslidar_sdk:/home/prl/track_robot_ws/install/rslidar_msg:/home/prl/track_robot_ws/install/bunker_msgs:/home/prl/track_robot_ws/install/track_robot_teleop:/opt/ros/foxy /usr/bin/cmake --install /home/prl/track_robot_ws/build/track_robot_control
[3.077s] -- Install configuration: ""
[3.078s] -- Execute custom install script
[3.079s] -- Symlinking: /home/prl/track_robot_ws/install/track_robot_control/share/ament_index/resource_index/package_run_dependencies/track_robot_control
[3.130s] -- Symlinking: /home/prl/track_robot_ws/install/track_robot_control/share/ament_index/resource_index/parent_prefix_path/track_robot_control
[3.153s] -- Symlinking: /home/prl/track_robot_ws/install/track_robot_control/share/track_robot_control/environment/ament_prefix_path.sh
[3.194s] -- Symlinking: /home/prl/track_robot_ws/install/track_robot_control/share/track_robot_control/environment/ament_prefix_path.dsv
[3.211s] -- Symlinking: /home/prl/track_robot_ws/install/track_robot_control/share/track_robot_control/environment/path.sh
[3.248s] -- Symlinking: /home/prl/track_robot_ws/install/track_robot_control/share/track_robot_control/environment/path.dsv
[3.274s] -- Symlinking: /home/prl/track_robot_ws/install/track_robot_control/share/track_robot_control/local_setup.bash
[3.296s] -- Symlinking: /home/prl/track_robot_ws/install/track_robot_control/share/track_robot_control/local_setup.sh
[3.317s] -- Symlinking: /home/prl/track_robot_ws/install/track_robot_control/share/track_robot_control/local_setup.zsh
[3.333s] -- Symlinking: /home/prl/track_robot_ws/install/track_robot_control/share/track_robot_control/local_setup.dsv
[3.371s] -- Symlinking: /home/prl/track_robot_ws/install/track_robot_control/share/track_robot_control/package.dsv
[3.402s] -- Symlinking: /home/prl/track_robot_ws/install/track_robot_control/share/ament_index/resource_index/packages/track_robot_control
[3.433s] -- Symlinking: /home/prl/track_robot_ws/install/track_robot_control/share/track_robot_control/cmake/track_robot_controlConfig.cmake
[3.449s] -- Symlinking: /home/prl/track_robot_ws/install/track_robot_control/share/track_robot_control/cmake/track_robot_controlConfig-version.cmake
[3.480s] -- Symlinking: /home/prl/track_robot_ws/install/track_robot_control/share/track_robot_control/package.xml
[3.515s] Invoked command in '/home/prl/track_robot_ws/build/track_robot_control' returned '0': CMAKE_PREFIX_PATH=/home/prl/track_robot_ws/install/track_robot_interfaces:/home/prl/track_robot_ws/install/bunker_base:/home/prl/track_robot_ws/install/ugv_sdk:/home/prl/track_robot_ws/install/track_robot_control:/home/prl/track_robot_ws/install/track_robot_drivers:/home/prl/track_robot_ws/install/track_robot_core:/home/prl/track_robot_ws/install/track_robot_bringup:/home/prl/track_robot_ws/install/rslidar_sdk:/home/prl/track_robot_ws/install/rslidar_msg:/home/prl/track_robot_ws/install/bunker_msgs:/home/prl/track_robot_ws/install/track_robot_teleop:/opt/ros/foxy /usr/bin/cmake --install /home/prl/track_robot_ws/build/track_robot_control
