CMake Warning:
  Manually-specified variables were not used by the project:

    CATKIN_INSTALL_INTO_PREFIX_ROOT
    CATKIN_SYMLINK_INSTALL


In file included from [01m[K/home/prl/track_robot_ws/src/third_party_ros/ugv_sdk/src/mobile_robot/bunker_robot.cpp:11[m[K:
[01m[K/home/prl/track_robot_ws/src/third_party_ros/ugv_sdk/include/ugv_sdk/details/robot_base/bunker_base.hpp:[m[K In member function ‘[01m[Kwestonrobot::BunkerActuatorState westonrobot::BunkerBase<ParserType>::GetActuatorState() [with ParserType = westonrobot::ProtocolV2Parser][m[K’:
[01m[K/home/prl/track_robot_ws/src/third_party_ros/ugv_sdk/include/ugv_sdk/details/robot_base/bunker_base.hpp:59:7:[m[K [01;35m[Kwarning: [m[Kiteration 2 invokes undefined behavior [[01;35m[K-Waggressive-loop-optimizations[m[K]
   59 |       [01;35m[Kbunker_actuator[m[K.actuator_state[i] = actuator.actuator_state[i];
      |       [01;35m[K^~~~~~~~~~~~~~~[m[K
[01m[K/home/prl/track_robot_ws/src/third_party_ros/ugv_sdk/include/ugv_sdk/details/robot_base/bunker_base.hpp:56:23:[m[K [01;36m[Knote: [m[Kwithin this loop
   56 |     for (int i = 0; [01;36m[Ki < 3[m[K; ++i) {
      |                     [01;36m[K~~^~~[m[K
[01m[K/home/prl/track_robot_ws/src/third_party_ros/ugv_sdk/include/ugv_sdk/details/robot_base/bunker_base.hpp:[m[K In member function ‘[01m[Kwestonrobot::BunkerActuatorState westonrobot::BunkerBase<ParserType>::GetActuatorState() [with ParserType = westonrobot::ProtocolV1Parser<westonrobot::BunkerLimits>][m[K’:
[01m[K/home/prl/track_robot_ws/src/third_party_ros/ugv_sdk/include/ugv_sdk/details/robot_base/bunker_base.hpp:59:7:[m[K [01;35m[Kwarning: [m[Kiteration 2 invokes undefined behavior [[01;35m[K-Waggressive-loop-optimizations[m[K]
   59 |       [01;35m[Kbunker_actuator[m[K.actuator_state[i] = actuator.actuator_state[i];
      |       [01;35m[K^~~~~~~~~~~~~~~[m[K
[01m[K/home/prl/track_robot_ws/src/third_party_ros/ugv_sdk/include/ugv_sdk/details/robot_base/bunker_base.hpp:56:23:[m[K [01;36m[Knote: [m[Kwithin this loop
   56 |     for (int i = 0; [01;36m[Ki < 3[m[K; ++i) {
      |                     [01;36m[K~~^~~[m[K
In member function ‘[01m[Kwestonrobot::BunkerActuatorState westonrobot::BunkerBase<ParserType>::GetActuatorState() [with ParserType = westonrobot::ProtocolV2Parser][m[K’:
[01m[Kcc1plus:[m[K [01;35m[Kwarning: [m[K‘[01m[Kvoid* __builtin_memcpy(void*, const void*, long unsigned int)[m[K’ writing 60 bytes into a region of size 40 overflows the destination [[01;35m[K-Wstringop-overflow=[m[K]
In member function ‘[01m[Kwestonrobot::BunkerActuatorState westonrobot::BunkerBase<ParserType>::GetActuatorState() [with ParserType = westonrobot::ProtocolV1Parser<westonrobot::BunkerLimits>][m[K’:
[01m[Kcc1plus:[m[K [01;35m[Kwarning: [m[K‘[01m[Kvoid* __builtin_memcpy(void*, const void*, long unsigned int)[m[K’ writing 60 bytes into a region of size 40 overflows the destination [[01;35m[K-Wstringop-overflow=[m[K]
