[0.041s] Invoking command in '/home/prl/track_robot_ws/build/ugv_sdk': /usr/bin/cmake /home/prl/track_robot_ws/src/third_party_ros/ugv_sdk -DCATKIN_INSTALL_INTO_PREFIX_ROOT=0 -DCATKIN_SYMLINK_INSTALL=ON -DCMAKE_INSTALL_PREFIX=/home/prl/track_robot_ws/install/ugv_sdk
[0.369s] -- The C compiler identification is GNU 9.4.0
[0.369s] -- The CXX compiler identification is GNU 9.4.0
[0.369s] -- Check for working C compiler: /usr/bin/cc
[0.369s] -- Check for working C compiler: /usr/bin/cc -- works
[0.369s] -- Detecting C compiler ABI info
[0.369s] -- Detecting C compiler ABI info - done
[0.369s] -- Detecting C compile features
[0.369s] -- Detecting C compile features - done
[0.369s] -- Check for working CXX compiler: /usr/bin/c++
[0.422s] -- Check for working CXX compiler: /usr/bin/c++ -- works
[0.424s] -- Detecting CXX compiler ABI info
[0.508s] -- Detecting CXX compiler ABI info - done
[0.522s] -- Detecting CXX compile features
[0.523s] -- Detecting CXX compile features - done
[0.524s] -- Build package with cmake
[0.524s] -- Setting build type to 'Release' as none was specified.
[0.524s] -- Tests will not be built
[0.527s] -- Looking for pthread.h
[0.600s] -- Looking for pthread.h - found
[0.600s] -- Performing Test CMAKE_HAVE_LIBC_PTHREAD
[0.673s] -- Performing Test CMAKE_HAVE_LIBC_PTHREAD - Failed
[0.674s] -- Looking for pthread_create in pthreads
[0.734s] -- Looking for pthread_create in pthreads - not found
[0.734s] -- Looking for pthread_create in pthread
[0.815s] -- Looking for pthread_create in pthread - found
[0.816s] -- Found Threads: TRUE  
[0.819s] -- Project will be installed to /home/prl/track_robot_ws/install/ugv_sdk with 'make install'
[0.819s] --  - To install LIB components to /home/prl/track_robot_ws/install/ugv_sdk/lib
[0.820s] --  - To install BIN components to /home/prl/track_robot_ws/install/ugv_sdk/bin
[0.820s] --  - To install INCLUDE components to /home/prl/track_robot_ws/install/ugv_sdk/include
[0.820s] --  - To install CMAKE components to /home/prl/track_robot_ws/install/ugv_sdk/share/cmake/ugv_sdk
[0.833s] -- Configuring done
[0.852s] -- Generating done
[0.853s] CMake Warning:
[0.853s]   Manually-specified variables were not used by the project:
[0.854s] 
[0.854s]     CATKIN_INSTALL_INTO_PREFIX_ROOT
[0.854s]     CATKIN_SYMLINK_INSTALL
[0.854s] 
[0.854s] 
[0.858s] -- Build files have been written to: /home/prl/track_robot_ws/build/ugv_sdk
[0.861s] Invoked command in '/home/prl/track_robot_ws/build/ugv_sdk' returned '0': /usr/bin/cmake /home/prl/track_robot_ws/src/third_party_ros/ugv_sdk -DCATKIN_INSTALL_INTO_PREFIX_ROOT=0 -DCATKIN_SYMLINK_INSTALL=ON -DCMAKE_INSTALL_PREFIX=/home/prl/track_robot_ws/install/ugv_sdk
[0.864s] Invoking command in '/home/prl/track_robot_ws/build/ugv_sdk': /usr/bin/cmake --build /home/prl/track_robot_ws/build/ugv_sdk -- -j16 -l16
[0.908s] [35m[1mScanning dependencies of target ugv_sdk[0m
[0.929s] [  6%] [32mBuilding CXX object CMakeFiles/ugv_sdk.dir/src/async_port/async_serial.cpp.o[0m
[0.929s] [  6%] [32mBuilding CXX object CMakeFiles/ugv_sdk.dir/src/async_port/async_can.cpp.o[0m
[0.930s] [ 10%] [32mBuilding CXX object CMakeFiles/ugv_sdk.dir/src/utilities/protocol_detector.cpp.o[0m
[0.930s] [ 13%] [32mBuilding CXX object CMakeFiles/ugv_sdk.dir/src/mobile_robot/hunter_robot.cpp.o[0m
[0.930s] [ 17%] [32mBuilding CXX object CMakeFiles/ugv_sdk.dir/src/mobile_robot/scout_robot.cpp.o[0m
[0.930s] [ 20%] [32mBuilding CXX object CMakeFiles/ugv_sdk.dir/src/mobile_robot/bunker_robot.cpp.o[0m
[0.931s] [ 24%] [32mBuilding CXX object CMakeFiles/ugv_sdk.dir/src/mobile_robot/ranger_robot.cpp.o[0m
[0.931s] [ 27%] [32mBuilding CXX object CMakeFiles/ugv_sdk.dir/src/mobile_robot/titan_robot.cpp.o[0m
[0.938s] [ 31%] [32mBuilding C object CMakeFiles/ugv_sdk.dir/src/protocol_v1/agilex_msg_parser_v1.c.o[0m
[0.938s] [ 37%] [32mBuilding CXX object CMakeFiles/ugv_sdk.dir/src/mobile_robot/tracer_robot.cpp.o[0m
[0.939s] [ 37%] [32mBuilding C object CMakeFiles/ugv_sdk.dir/src/protocol_v2/agilex_msg_parser_v2.c.o[0m
[0.943s] [ 41%] [32mBuilding CXX object CMakeFiles/ugv_sdk.dir/src/protocol_v2/protocol_v2_parser.cpp.o[0m
[3.802s] In file included from [01m[K/home/prl/track_robot_ws/src/third_party_ros/ugv_sdk/src/mobile_robot/bunker_robot.cpp:11[m[K:
[3.803s] [01m[K/home/prl/track_robot_ws/src/third_party_ros/ugv_sdk/include/ugv_sdk/details/robot_base/bunker_base.hpp:[m[K In member function ‘[01m[Kwestonrobot::BunkerActuatorState westonrobot::BunkerBase<ParserType>::GetActuatorState() [with ParserType = westonrobot::ProtocolV2Parser][m[K’:
[3.803s] [01m[K/home/prl/track_robot_ws/src/third_party_ros/ugv_sdk/include/ugv_sdk/details/robot_base/bunker_base.hpp:59:7:[m[K [01;35m[Kwarning: [m[Kiteration 2 invokes undefined behavior [[01;35m[K-Waggressive-loop-optimizations[m[K]
[3.803s]    59 |       [01;35m[Kbunker_actuator[m[K.actuator_state[i] = actuator.actuator_state[i];
[3.803s]       |       [01;35m[K^~~~~~~~~~~~~~~[m[K
[3.803s] [01m[K/home/prl/track_robot_ws/src/third_party_ros/ugv_sdk/include/ugv_sdk/details/robot_base/bunker_base.hpp:56:23:[m[K [01;36m[Knote: [m[Kwithin this loop
[3.803s]    56 |     for (int i = 0; [01;36m[Ki < 3[m[K; ++i) {
[3.803s]       |                     [01;36m[K~~^~~[m[K
[3.812s] [01m[K/home/prl/track_robot_ws/src/third_party_ros/ugv_sdk/include/ugv_sdk/details/robot_base/bunker_base.hpp:[m[K In member function ‘[01m[Kwestonrobot::BunkerActuatorState westonrobot::BunkerBase<ParserType>::GetActuatorState() [with ParserType = westonrobot::ProtocolV1Parser<westonrobot::BunkerLimits>][m[K’:
[3.812s] [01m[K/home/prl/track_robot_ws/src/third_party_ros/ugv_sdk/include/ugv_sdk/details/robot_base/bunker_base.hpp:59:7:[m[K [01;35m[Kwarning: [m[Kiteration 2 invokes undefined behavior [[01;35m[K-Waggressive-loop-optimizations[m[K]
[3.812s]    59 |       [01;35m[Kbunker_actuator[m[K.actuator_state[i] = actuator.actuator_state[i];
[3.813s]       |       [01;35m[K^~~~~~~~~~~~~~~[m[K
[3.813s] [01m[K/home/prl/track_robot_ws/src/third_party_ros/ugv_sdk/include/ugv_sdk/details/robot_base/bunker_base.hpp:56:23:[m[K [01;36m[Knote: [m[Kwithin this loop
[3.813s]    56 |     for (int i = 0; [01;36m[Ki < 3[m[K; ++i) {
[3.813s]       |                     [01;36m[K~~^~~[m[K
[4.487s] In member function ‘[01m[Kwestonrobot::BunkerActuatorState westonrobot::BunkerBase<ParserType>::GetActuatorState() [with ParserType = westonrobot::ProtocolV2Parser][m[K’:
[4.487s] [01m[Kcc1plus:[m[K [01;35m[Kwarning: [m[K‘[01m[Kvoid* __builtin_memcpy(void*, const void*, long unsigned int)[m[K’ writing 60 bytes into a region of size 40 overflows the destination [[01;35m[K-Wstringop-overflow=[m[K]
[4.514s] In member function ‘[01m[Kwestonrobot::BunkerActuatorState westonrobot::BunkerBase<ParserType>::GetActuatorState() [with ParserType = westonrobot::ProtocolV1Parser<westonrobot::BunkerLimits>][m[K’:
[4.514s] [01m[Kcc1plus:[m[K [01;35m[Kwarning: [m[K‘[01m[Kvoid* __builtin_memcpy(void*, const void*, long unsigned int)[m[K’ writing 60 bytes into a region of size 40 overflows the destination [[01;35m[K-Wstringop-overflow=[m[K]
[6.534s] [ 44%] [32m[1mLinking CXX static library lib/libugv_sdk.a[0m
[6.593s] [ 44%] Built target ugv_sdk
[6.609s] [35m[1mScanning dependencies of target demo_scout_mini_omni_robot[0m
[6.609s] [35m[1mScanning dependencies of target demo_protocol_detector[0m
[6.609s] [35m[1mScanning dependencies of target demo_hunter_robot[0m
[6.609s] [35m[1mScanning dependencies of target demo_ranger_robot[0m
[6.609s] [35m[1mScanning dependencies of target demo_scout_robot[0m
[6.610s] [35m[1mScanning dependencies of target demo_robot_version[0m
[6.610s] [35m[1mScanning dependencies of target demo_tracer_robot[0m
[6.614s] [35m[1mScanning dependencies of target demo_bunker_robot[0m
[6.626s] [ 48%] [32mBuilding CXX object sample/scout_demo/CMakeFiles/demo_scout_mini_omni_robot.dir/scout_mini_omni_demo.cpp.o[0m
[6.626s] [ 51%] [32mBuilding CXX object sample/utils_demo/CMakeFiles/demo_protocol_detector.dir/demo_protocol_detector.cpp.o[0m
[6.626s] [ 55%] [32mBuilding CXX object sample/hunter_demo/CMakeFiles/demo_hunter_robot.dir/hunter_robot_demo.cpp.o[0m
[6.626s] [ 58%] [32mBuilding CXX object sample/scout_demo/CMakeFiles/demo_scout_robot.dir/scout_robot_demo.cpp.o[0m
[6.627s] [ 65%] [32mBuilding CXX object sample/ranger_demo/CMakeFiles/demo_ranger_robot.dir/ranger_robot_demo.cpp.o[0m
[6.627s] [ 68%] [32mBuilding CXX object sample/utils_demo/CMakeFiles/demo_robot_version.dir/demo_robot_version.cpp.o[0m
[6.627s] [ 68%] [32mBuilding CXX object sample/tracer_demo/CMakeFiles/demo_tracer_robot.dir/tracer_robot_demo.cpp.o[0m
[6.634s] [ 72%] [32mBuilding CXX object sample/bunker_demo/CMakeFiles/demo_bunker_robot.dir/bunker_robot_demo.cpp.o[0m
[7.138s] [ 75%] [32m[1mLinking CXX executable ../../bin/demo_tracer_robot[0m
[7.184s] [ 79%] [32m[1mLinking CXX executable ../../bin/demo_bunker_robot[0m
[7.253s] [ 79%] Built target demo_tracer_robot
[7.319s] [ 79%] Built target demo_bunker_robot
[8.797s] [ 82%] [32m[1mLinking CXX executable ../../bin/demo_scout_robot[0m
[8.901s] [ 82%] Built target demo_scout_robot
[8.934s] [ 86%] [32m[1mLinking CXX executable ../../bin/demo_ranger_robot[0m
[8.970s] [ 89%] [32m[1mLinking CXX executable ../../bin/demo_robot_version[0m
[9.017s] [ 93%] [32m[1mLinking CXX executable ../../bin/demo_scout_mini_omni_robot[0m
[9.039s] [ 93%] Built target demo_ranger_robot
[9.079s] [ 93%] Built target demo_robot_version
[9.120s] [ 93%] Built target demo_scout_mini_omni_robot
[9.356s] [ 96%] [32m[1mLinking CXX executable ../../bin/demo_protocol_detector[0m
[9.444s] [ 96%] Built target demo_protocol_detector
[9.498s] [100%] [32m[1mLinking CXX executable ../../bin/demo_hunter_robot[0m
[9.584s] [100%] Built target demo_hunter_robot
[9.595s] Invoked command in '/home/prl/track_robot_ws/build/ugv_sdk' returned '0': /usr/bin/cmake --build /home/prl/track_robot_ws/build/ugv_sdk -- -j16 -l16
[9.598s] Invoking command in '/home/prl/track_robot_ws/build/ugv_sdk': /usr/bin/cmake --install /home/prl/track_robot_ws/build/ugv_sdk
[9.605s] -- Install configuration: "Release"
[9.606s] -- Installing: /home/prl/track_robot_ws/install/ugv_sdk/lib/libugv_sdk.a
[9.607s] -- Installing: /home/prl/track_robot_ws/install/ugv_sdk/include/ugv_sdk
[9.607s] -- Installing: /home/prl/track_robot_ws/install/ugv_sdk/include/ugv_sdk/mobile_robot
[9.607s] -- Installing: /home/prl/track_robot_ws/install/ugv_sdk/include/ugv_sdk/mobile_robot/hunter_robot.hpp
[9.607s] -- Installing: /home/prl/track_robot_ws/install/ugv_sdk/include/ugv_sdk/mobile_robot/ranger_robot.hpp
[9.608s] -- Installing: /home/prl/track_robot_ws/install/ugv_sdk/include/ugv_sdk/mobile_robot/scout_robot.hpp
[9.608s] -- Installing: /home/prl/track_robot_ws/install/ugv_sdk/include/ugv_sdk/mobile_robot/tracer_robot.hpp
[9.608s] -- Installing: /home/prl/track_robot_ws/install/ugv_sdk/include/ugv_sdk/mobile_robot/bunker_robot.hpp
[9.608s] -- Installing: /home/prl/track_robot_ws/install/ugv_sdk/include/ugv_sdk/mobile_robot/titan_robot.hpp
[9.608s] -- Installing: /home/prl/track_robot_ws/install/ugv_sdk/include/ugv_sdk/details
[9.608s] -- Installing: /home/prl/track_robot_ws/install/ugv_sdk/include/ugv_sdk/details/interface
[9.609s] -- Installing: /home/prl/track_robot_ws/install/ugv_sdk/include/ugv_sdk/details/interface/bunker_interface.hpp
[9.609s] -- Installing: /home/prl/track_robot_ws/install/ugv_sdk/include/ugv_sdk/details/interface/tracer_interface.hpp
[9.609s] -- Installing: /home/prl/track_robot_ws/install/ugv_sdk/include/ugv_sdk/details/interface/agilex_message.h
[9.609s] -- Installing: /home/prl/track_robot_ws/install/ugv_sdk/include/ugv_sdk/details/interface/ranger_interface.hpp
[9.609s] -- Installing: /home/prl/track_robot_ws/install/ugv_sdk/include/ugv_sdk/details/interface/scout_interface.hpp
[9.609s] -- Installing: /home/prl/track_robot_ws/install/ugv_sdk/include/ugv_sdk/details/interface/robot_common_interface.hpp
[9.609s] -- Installing: /home/prl/track_robot_ws/install/ugv_sdk/include/ugv_sdk/details/interface/titan_interface.hpp
[9.610s] -- Installing: /home/prl/track_robot_ws/install/ugv_sdk/include/ugv_sdk/details/interface/agilex_types.h
[9.610s] -- Installing: /home/prl/track_robot_ws/install/ugv_sdk/include/ugv_sdk/details/interface/hunter_interface.hpp
[9.610s] -- Installing: /home/prl/track_robot_ws/install/ugv_sdk/include/ugv_sdk/details/parser_base.hpp
[9.610s] -- Installing: /home/prl/track_robot_ws/install/ugv_sdk/include/ugv_sdk/details/robot_base
[9.610s] -- Installing: /home/prl/track_robot_ws/install/ugv_sdk/include/ugv_sdk/details/robot_base/bunker_base.hpp
[9.611s] -- Installing: /home/prl/track_robot_ws/install/ugv_sdk/include/ugv_sdk/details/robot_base/hunter_base.hpp
[9.611s] -- Installing: /home/prl/track_robot_ws/install/ugv_sdk/include/ugv_sdk/details/robot_base/titan_base.hpp
[9.611s] -- Installing: /home/prl/track_robot_ws/install/ugv_sdk/include/ugv_sdk/details/robot_base/tracer_base.hpp
[9.611s] -- Installing: /home/prl/track_robot_ws/install/ugv_sdk/include/ugv_sdk/details/robot_base/scout_base.hpp
[9.611s] -- Installing: /home/prl/track_robot_ws/install/ugv_sdk/include/ugv_sdk/details/robot_base/agilex_base.hpp
[9.611s] -- Installing: /home/prl/track_robot_ws/install/ugv_sdk/include/ugv_sdk/details/robot_base/ranger_base.hpp
[9.612s] -- Installing: /home/prl/track_robot_ws/install/ugv_sdk/include/ugv_sdk/details/protocol_v2
[9.612s] -- Installing: /home/prl/track_robot_ws/install/ugv_sdk/include/ugv_sdk/details/protocol_v2/protocol_v2_parser.hpp
[9.612s] -- Installing: /home/prl/track_robot_ws/install/ugv_sdk/include/ugv_sdk/details/async_port
[9.612s] -- Installing: /home/prl/track_robot_ws/install/ugv_sdk/include/ugv_sdk/details/async_port/async_serial.hpp
[9.612s] -- Installing: /home/prl/track_robot_ws/install/ugv_sdk/include/ugv_sdk/details/async_port/async_can.hpp
[9.613s] -- Installing: /home/prl/track_robot_ws/install/ugv_sdk/include/ugv_sdk/details/async_port/ring_buffer.hpp
[9.613s] -- Installing: /home/prl/track_robot_ws/install/ugv_sdk/include/ugv_sdk/details/protocol_v1
[9.613s] -- Installing: /home/prl/track_robot_ws/install/ugv_sdk/include/ugv_sdk/details/protocol_v1/robot_limits.hpp
[9.613s] -- Installing: /home/prl/track_robot_ws/install/ugv_sdk/include/ugv_sdk/details/protocol_v1/protocol_v1_parser.hpp
[9.613s] -- Installing: /home/prl/track_robot_ws/install/ugv_sdk/include/ugv_sdk/details/protocol_v1/agilex_msg_parser_v1.h
[9.613s] -- Installing: /home/prl/track_robot_ws/install/ugv_sdk/include/ugv_sdk/utilities
[9.614s] -- Installing: /home/prl/track_robot_ws/install/ugv_sdk/include/ugv_sdk/utilities/protocol_detector.hpp
[9.614s] -- Installing: /home/prl/track_robot_ws/install/ugv_sdk/lib/cmake/ugv_sdk/ugv_sdkTargets.cmake
[9.614s] -- Installing: /home/prl/track_robot_ws/install/ugv_sdk/lib/cmake/ugv_sdk/ugv_sdkTargets-release.cmake
[9.614s] -- Installing: /home/prl/track_robot_ws/install/ugv_sdk/lib/cmake/ugv_sdk/ugv_sdkConfig.cmake
[9.614s] -- Installing: /home/prl/track_robot_ws/install/ugv_sdk/lib/cmake/ugv_sdk/ugv_sdkConfigVersion.cmake
[9.617s] Invoked command in '/home/prl/track_robot_ws/build/ugv_sdk' returned '0': /usr/bin/cmake --install /home/prl/track_robot_ws/build/ugv_sdk
