[0.042s] Invoking command in '/home/prl/track_robot_ws/build/track_robot_core': CMAKE_PREFIX_PATH=${CMAKE_PREFIX_PATH}:/home/prl/track_robot_ws/install/track_robot_teleop:/opt/ros/foxy /usr/bin/cmake /home/prl/track_robot_ws/src/track_robot_core -DAMENT_CMAKE_SYMLINK_INSTALL=1 -DCMAKE_INSTALL_PREFIX=/home/prl/track_robot_ws/install/track_robot_core
[0.360s] -- The C compiler identification is GNU 9.4.0
[0.360s] -- The CXX compiler identification is GNU 9.4.0
[0.360s] -- Check for working C compiler: /usr/bin/cc
[0.360s] -- Check for working C compiler: /usr/bin/cc -- works
[0.360s] -- Detecting C compiler ABI info
[0.360s] -- Detecting C compiler ABI info - done
[0.360s] -- Detecting C compile features
[0.361s] -- Detecting C compile features - done
[0.361s] -- Check for working CXX compiler: /usr/bin/c++
[0.406s] -- Check for working CXX compiler: /usr/bin/c++ -- works
[0.407s] -- Detecting CXX compiler ABI info
[0.490s] -- Detecting CXX compiler ABI info - done
[0.514s] -- Detecting CXX compile features
[0.515s] -- Detecting CXX compile features - done
[0.518s] -- Found ament_cmake: 0.9.12 (/opt/ros/foxy/share/ament_cmake/cmake)
[0.546s] -- Found PythonInterp: /usr/bin/python3 (found suitable version "3.8.10", minimum required is "3") 
[0.546s] -- Using PYTHON_EXECUTABLE: /usr/bin/python3
[0.749s] -- Override CMake install command with custom implementation using symlinks instead of copying resources
[0.776s] -- Found rclcpp: 2.4.3 (/opt/ros/foxy/share/rclcpp/cmake)
[0.824s] -- Using all available rosidl_typesupport_c: rosidl_typesupport_fastrtps_c;rosidl_typesupport_introspection_c
[0.831s] -- Found rosidl_adapter: 1.3.1 (/opt/ros/foxy/share/rosidl_adapter/cmake)
[0.920s] -- Found OpenSSL: /usr/lib/x86_64-linux-gnu/libcrypto.so (found version "1.1.1f")  
[0.969s] -- Found FastRTPS: /opt/ros/foxy/include  
[1.116s] -- Using all available rosidl_typesupport_cpp: rosidl_typesupport_fastrtps_cpp;rosidl_typesupport_introspection_cpp
[1.234s] -- Found rmw_implementation_cmake: 1.0.4 (/opt/ros/foxy/share/rmw_implementation_cmake/cmake)
[1.237s] -- Using RMW implementation 'rmw_fastrtps_cpp' as default
[1.239s] -- Looking for pthread.h
[1.374s] -- Looking for pthread.h - found
[1.375s] -- Performing Test CMAKE_HAVE_LIBC_PTHREAD
[1.487s] -- Performing Test CMAKE_HAVE_LIBC_PTHREAD - Failed
[1.487s] -- Looking for pthread_create in pthreads
[1.575s] -- Looking for pthread_create in pthreads - not found
[1.576s] -- Looking for pthread_create in pthread
[1.688s] -- Looking for pthread_create in pthread - found
[1.690s] -- Found Threads: TRUE  
[1.970s] -- Found geometry_msgs: 2.0.5 (/opt/ros/foxy/share/geometry_msgs/cmake)
[2.046s] -- Found sensor_msgs: 2.0.5 (/opt/ros/foxy/share/sensor_msgs/cmake)
[2.274s] -- Configuring done
[2.296s] -- Generating done
[2.306s] -- Build files have been written to: /home/prl/track_robot_ws/build/track_robot_core
[2.319s] Invoked command in '/home/prl/track_robot_ws/build/track_robot_core' returned '0': CMAKE_PREFIX_PATH=${CMAKE_PREFIX_PATH}:/home/prl/track_robot_ws/install/track_robot_teleop:/opt/ros/foxy /usr/bin/cmake /home/prl/track_robot_ws/src/track_robot_core -DAMENT_CMAKE_SYMLINK_INSTALL=1 -DCMAKE_INSTALL_PREFIX=/home/prl/track_robot_ws/install/track_robot_core
[2.323s] Invoking command in '/home/prl/track_robot_ws/build/track_robot_core': CMAKE_PREFIX_PATH=${CMAKE_PREFIX_PATH}:/home/prl/track_robot_ws/install/track_robot_teleop:/opt/ros/foxy /usr/bin/cmake --build /home/prl/track_robot_ws/build/track_robot_core -- -j16 -l16
[2.381s] [35m[1mScanning dependencies of target cmd_vel_gate[0m
[2.381s] [35m[1mScanning dependencies of target lidar_sub[0m
[2.441s] [ 25%] [32mBuilding CXX object CMakeFiles/cmd_vel_gate.dir/src/cmd_vel_gate.cpp.o[0m
[2.448s] [ 50%] [32mBuilding CXX object CMakeFiles/lidar_sub.dir/src/lidar_sub.cpp.o[0m
[10.343s] [ 75%] [32m[1mLinking CXX executable cmd_vel_gate[0m
[10.559s] [ 75%] Built target cmd_vel_gate
[10.588s] [100%] [32m[1mLinking CXX executable lidar_sub[0m
[10.809s] [100%] Built target lidar_sub
[10.820s] Invoked command in '/home/prl/track_robot_ws/build/track_robot_core' returned '0': CMAKE_PREFIX_PATH=${CMAKE_PREFIX_PATH}:/home/prl/track_robot_ws/install/track_robot_teleop:/opt/ros/foxy /usr/bin/cmake --build /home/prl/track_robot_ws/build/track_robot_core -- -j16 -l16
[10.823s] Invoking command in '/home/prl/track_robot_ws/build/track_robot_core': CMAKE_PREFIX_PATH=${CMAKE_PREFIX_PATH}:/home/prl/track_robot_ws/install/track_robot_teleop:/opt/ros/foxy /usr/bin/cmake --install /home/prl/track_robot_ws/build/track_robot_core
[10.831s] -- Install configuration: ""
[10.832s] -- Execute custom install script
[10.832s] -- Symlinking: /home/prl/track_robot_ws/install/track_robot_core/lib/track_robot_core/cmd_vel_gate
[10.841s] -- Symlinking: /home/prl/track_robot_ws/install/track_robot_core/lib/track_robot_core/lidar_sub
[10.849s] -- Symlinking: /home/prl/track_robot_ws/install/track_robot_core/share/ament_index/resource_index/package_run_dependencies/track_robot_core
[10.856s] -- Symlinking: /home/prl/track_robot_ws/install/track_robot_core/share/ament_index/resource_index/parent_prefix_path/track_robot_core
[10.865s] -- Symlinking: /home/prl/track_robot_ws/install/track_robot_core/share/track_robot_core/environment/ament_prefix_path.sh
[10.873s] -- Symlinking: /home/prl/track_robot_ws/install/track_robot_core/share/track_robot_core/environment/ament_prefix_path.dsv
[10.881s] -- Symlinking: /home/prl/track_robot_ws/install/track_robot_core/share/track_robot_core/environment/path.sh
[10.889s] -- Symlinking: /home/prl/track_robot_ws/install/track_robot_core/share/track_robot_core/environment/path.dsv
[10.897s] -- Symlinking: /home/prl/track_robot_ws/install/track_robot_core/share/track_robot_core/local_setup.bash
[10.904s] -- Symlinking: /home/prl/track_robot_ws/install/track_robot_core/share/track_robot_core/local_setup.sh
[10.912s] -- Symlinking: /home/prl/track_robot_ws/install/track_robot_core/share/track_robot_core/local_setup.zsh
[10.921s] -- Symlinking: /home/prl/track_robot_ws/install/track_robot_core/share/track_robot_core/local_setup.dsv
[10.929s] -- Symlinking: /home/prl/track_robot_ws/install/track_robot_core/share/track_robot_core/package.dsv
[10.938s] -- Symlinking: /home/prl/track_robot_ws/install/track_robot_core/share/ament_index/resource_index/packages/track_robot_core
[10.945s] -- Symlinking: /home/prl/track_robot_ws/install/track_robot_core/share/track_robot_core/cmake/track_robot_coreConfig.cmake
[10.953s] -- Symlinking: /home/prl/track_robot_ws/install/track_robot_core/share/track_robot_core/cmake/track_robot_coreConfig-version.cmake
[10.961s] -- Symlinking: /home/prl/track_robot_ws/install/track_robot_core/share/track_robot_core/package.xml
[10.971s] Invoked command in '/home/prl/track_robot_ws/build/track_robot_core' returned '0': CMAKE_PREFIX_PATH=${CMAKE_PREFIX_PATH}:/home/prl/track_robot_ws/install/track_robot_teleop:/opt/ros/foxy /usr/bin/cmake --install /home/prl/track_robot_ws/build/track_robot_core
