-- The C compiler identification is GNU 9.4.0
-- The CXX compiler identification is GNU 9.4.0
-- Check for working C compiler: /usr/bin/cc
-- Check for working C compiler: /usr/bin/cc -- works
-- Detecting C compiler ABI info
-- Detecting C compiler ABI info - done
-- Detecting C compile features
-- Detecting C compile features - done
-- Check for working CXX compiler: /usr/bin/c++
-- Check for working CXX compiler: /usr/bin/c++ -- works
-- Detecting CXX compiler ABI info
-- Detecting CXX compiler ABI info - done
-- Detecting CXX compile features
-- Detecting CXX compile features - done
-- Found ament_cmake: 0.9.12 (/opt/ros/foxy/share/ament_cmake/cmake)
-- Found PythonInterp: /usr/bin/python3 (found suitable version "3.8.10", minimum required is "3") 
-- Using PYTHON_EXECUTABLE: /usr/bin/python3
-- Override CMake install command with custom implementation using symlinks instead of copying resources
-- Found builtin_interfaces: 1.0.0 (/opt/ros/foxy/share/builtin_interfaces/cmake)
-- Using all available rosidl_typesupport_c: rosidl_typesupport_fastrtps_c;rosidl_typesupport_introspection_c
-- Found rosidl_adapter: 1.3.1 (/opt/ros/foxy/share/rosidl_adapter/cmake)
-- Found OpenSSL: /usr/lib/x86_64-linux-gnu/libcrypto.so (found version "1.1.1f")  
-- Found FastRTPS: /opt/ros/foxy/include  
-- Using all available rosidl_typesupport_cpp: rosidl_typesupport_fastrtps_cpp;rosidl_typesupport_introspection_cpp
-- Found rosidl_default_generators: 1.0.1 (/opt/ros/foxy/share/rosidl_default_generators/cmake)
-- Found std_msgs: 2.0.5 (/opt/ros/foxy/share/std_msgs/cmake)
-- Found PythonInterp: /usr/bin/python3 (found version "3.8.10") 
-- Found ament_cmake_ros: 0.9.2 (/opt/ros/foxy/share/ament_cmake_ros/cmake)
-- Using all available rosidl_typesupport_c: rosidl_typesupport_fastrtps_c;rosidl_typesupport_introspection_c
-- Using all available rosidl_typesupport_cpp: rosidl_typesupport_fastrtps_cpp;rosidl_typesupport_introspection_cpp
-- Found PythonInterp: /usr/bin/python3 (found suitable version "3.8.10", minimum required is "3.5") 
-- Found python_cmake_module: 0.8.1 (/opt/ros/foxy/share/python_cmake_module/cmake)
-- Found PythonLibs: /usr/lib/x86_64-linux-gnu/libpython3.8.so (found suitable version "3.8.10", minimum required is "3.5") 
-- Using PYTHON_EXECUTABLE: /usr/bin/python3
-- Using PYTHON_INCLUDE_DIRS: /usr/include/python3.8
-- Using PYTHON_LIBRARIES: /usr/lib/x86_64-linux-gnu/libpython3.8.so
-- Found PythonExtra: .so  
-- Found ament_lint_auto: 0.9.8 (/opt/ros/foxy/share/ament_lint_auto/cmake)
-- Added test 'copyright' to check source files copyright and LICENSE
-- Added test 'lint_cmake' to check CMake code style
-- Added test 'xmllint' to check XML markup files
-- Configuring done
-- Generating done
-- Build files have been written to: /home/prl/track_robot_ws/build/bunker_msgs
[  2%] [34m[1mGenerating C code for ROS interfaces[0m
[35m[1mScanning dependencies of target bunker_msgs__cpp[0m
[  4%] [34m[1mGenerating C++ code for ROS interfaces[0m
[35m[1mScanning dependencies of target bunker_msgs__rosidl_generator_c[0m
[  6%] [32mBuilding C object CMakeFiles/bunker_msgs__rosidl_generator_c.dir/rosidl_generator_c/bunker_msgs/msg/detail/bunker_actuator_state__functions.c.o[0m
[  6%] Built target bunker_msgs__cpp
[  8%] [32mBuilding C object CMakeFiles/bunker_msgs__rosidl_generator_c.dir/rosidl_generator_c/bunker_msgs/msg/detail/bunker_rc_state__functions.c.o[0m
[ 10%] [32mBuilding C object CMakeFiles/bunker_msgs__rosidl_generator_c.dir/rosidl_generator_c/bunker_msgs/msg/detail/bunker_status__functions.c.o[0m
[ 12%] [34m[1mGenerating C++ type support for eProsima Fast-RTPS[0m
[ 14%] [34m[1mGenerating C++ type support dispatch for ROS interfaces[0m
[ 17%] [34m[1mGenerating C++ introspection for ROS interfaces[0m
[ 19%] [32m[1mLinking C shared library libbunker_msgs__rosidl_generator_c.so[0m
[ 19%] Built target bunker_msgs__rosidl_generator_c
[ 21%] [34m[1mGenerating C introspection for ROS interfaces[0m
[ 23%] [34m[1mGenerating C type support dispatch for ROS interfaces[0m
[35m[1mScanning dependencies of target bunker_msgs__rosidl_typesupport_cpp[0m
[ 25%] [32mBuilding CXX object CMakeFiles/bunker_msgs__rosidl_typesupport_cpp.dir/rosidl_typesupport_cpp/bunker_msgs/msg/bunker_actuator_state__type_support.cpp.o[0m
[ 27%] [32mBuilding CXX object CMakeFiles/bunker_msgs__rosidl_typesupport_cpp.dir/rosidl_typesupport_cpp/bunker_msgs/msg/bunker_rc_state__type_support.cpp.o[0m
[ 29%] [32mBuilding CXX object CMakeFiles/bunker_msgs__rosidl_typesupport_cpp.dir/rosidl_typesupport_cpp/bunker_msgs/msg/bunker_status__type_support.cpp.o[0m
[35m[1mScanning dependencies of target bunker_msgs__rosidl_typesupport_fastrtps_cpp[0m
[ 31%] [32mBuilding CXX object CMakeFiles/bunker_msgs__rosidl_typesupport_fastrtps_cpp.dir/rosidl_typesupport_fastrtps_cpp/bunker_msgs/msg/detail/dds_fastrtps/bunker_rc_state__type_support.cpp.o[0m
[ 34%] [32mBuilding CXX object CMakeFiles/bunker_msgs__rosidl_typesupport_fastrtps_cpp.dir/rosidl_typesupport_fastrtps_cpp/bunker_msgs/msg/detail/dds_fastrtps/bunker_actuator_state__type_support.cpp.o[0m
[ 36%] [32mBuilding CXX object CMakeFiles/bunker_msgs__rosidl_typesupport_fastrtps_cpp.dir/rosidl_typesupport_fastrtps_cpp/bunker_msgs/msg/detail/dds_fastrtps/bunker_status__type_support.cpp.o[0m
[35m[1mScanning dependencies of target bunker_msgs__rosidl_typesupport_introspection_cpp[0m
[35m[1mScanning dependencies of target bunker_msgs__rosidl_typesupport_c[0m
[ 38%] [32mBuilding CXX object CMakeFiles/bunker_msgs__rosidl_typesupport_introspection_cpp.dir/rosidl_typesupport_introspection_cpp/bunker_msgs/msg/detail/bunker_actuator_state__type_support.cpp.o[0m
[ 40%] [32mBuilding CXX object CMakeFiles/bunker_msgs__rosidl_typesupport_introspection_cpp.dir/rosidl_typesupport_introspection_cpp/bunker_msgs/msg/detail/bunker_rc_state__type_support.cpp.o[0m
[ 42%] [32mBuilding CXX object CMakeFiles/bunker_msgs__rosidl_typesupport_introspection_cpp.dir/rosidl_typesupport_introspection_cpp/bunker_msgs/msg/detail/bunker_status__type_support.cpp.o[0m
[ 44%] [32mBuilding CXX object CMakeFiles/bunker_msgs__rosidl_typesupport_c.dir/rosidl_typesupport_c/bunker_msgs/msg/bunker_actuator_state__type_support.cpp.o[0m
[ 46%] [32mBuilding CXX object CMakeFiles/bunker_msgs__rosidl_typesupport_c.dir/rosidl_typesupport_c/bunker_msgs/msg/bunker_rc_state__type_support.cpp.o[0m
[ 48%] [32mBuilding CXX object CMakeFiles/bunker_msgs__rosidl_typesupport_c.dir/rosidl_typesupport_c/bunker_msgs/msg/bunker_status__type_support.cpp.o[0m
[ 51%] [32m[1mLinking CXX shared library libbunker_msgs__rosidl_typesupport_c.so[0m
[35m[1mScanning dependencies of target bunker_msgs__rosidl_typesupport_introspection_c[0m
[ 51%] Built target bunker_msgs__rosidl_typesupport_c
[ 53%] [32mBuilding C object CMakeFiles/bunker_msgs__rosidl_typesupport_introspection_c.dir/rosidl_typesupport_introspection_c/bunker_msgs/msg/detail/bunker_actuator_state__type_support.c.o[0m
[ 55%] [32mBuilding C object CMakeFiles/bunker_msgs__rosidl_typesupport_introspection_c.dir/rosidl_typesupport_introspection_c/bunker_msgs/msg/detail/bunker_rc_state__type_support.c.o[0m
[ 57%] [32mBuilding C object CMakeFiles/bunker_msgs__rosidl_typesupport_introspection_c.dir/rosidl_typesupport_introspection_c/bunker_msgs/msg/detail/bunker_status__type_support.c.o[0m
[ 59%] [32m[1mLinking CXX shared library libbunker_msgs__rosidl_typesupport_cpp.so[0m
[ 61%] [32m[1mLinking C shared library libbunker_msgs__rosidl_typesupport_introspection_c.so[0m
[ 61%] Built target bunker_msgs__rosidl_typesupport_introspection_c
[ 61%] Built target bunker_msgs__rosidl_typesupport_cpp
[ 63%] [32m[1mLinking CXX shared library libbunker_msgs__rosidl_typesupport_introspection_cpp.so[0m
[ 65%] [32m[1mLinking CXX shared library libbunker_msgs__rosidl_typesupport_fastrtps_cpp.so[0m
[ 65%] Built target bunker_msgs__rosidl_typesupport_introspection_cpp
[ 65%] Built target bunker_msgs__rosidl_typesupport_fastrtps_cpp
[ 68%] [34m[1mGenerating C type support for eProsima Fast-RTPS[0m
[35m[1mScanning dependencies of target bunker_msgs__rosidl_typesupport_fastrtps_c[0m
[ 70%] [32mBuilding CXX object CMakeFiles/bunker_msgs__rosidl_typesupport_fastrtps_c.dir/rosidl_typesupport_fastrtps_c/bunker_msgs/msg/detail/bunker_actuator_state__type_support_c.cpp.o[0m
[ 72%] [32mBuilding CXX object CMakeFiles/bunker_msgs__rosidl_typesupport_fastrtps_c.dir/rosidl_typesupport_fastrtps_c/bunker_msgs/msg/detail/bunker_rc_state__type_support_c.cpp.o[0m
[ 74%] [32mBuilding CXX object CMakeFiles/bunker_msgs__rosidl_typesupport_fastrtps_c.dir/rosidl_typesupport_fastrtps_c/bunker_msgs/msg/detail/bunker_status__type_support_c.cpp.o[0m
[ 76%] [32m[1mLinking CXX shared library libbunker_msgs__rosidl_typesupport_fastrtps_c.so[0m
[ 76%] Built target bunker_msgs__rosidl_typesupport_fastrtps_c
[35m[1mScanning dependencies of target bunker_msgs[0m
[ 76%] Built target bunker_msgs
[35m[1mScanning dependencies of target bunker_msgs__py[0m
[ 78%] [34m[1mGenerating Python code for ROS interfaces[0m
[ 78%] Built target bunker_msgs__py
[35m[1mScanning dependencies of target bunker_msgs__python[0m
[ 80%] [32mBuilding C object CMakeFiles/bunker_msgs__python.dir/rosidl_generator_py/bunker_msgs/msg/_bunker_rc_state_s.c.o[0m
[ 82%] [32mBuilding C object CMakeFiles/bunker_msgs__python.dir/rosidl_generator_py/bunker_msgs/msg/_bunker_actuator_state_s.c.o[0m
[ 85%] [32mBuilding C object CMakeFiles/bunker_msgs__python.dir/rosidl_generator_py/bunker_msgs/msg/_bunker_status_s.c.o[0m
[ 87%] [32m[1mLinking C shared library rosidl_generator_py/bunker_msgs/libbunker_msgs__python.so[0m
[ 87%] Built target bunker_msgs__python
[35m[1mScanning dependencies of target bunker_msgs__rosidl_typesupport_introspection_c__pyext[0m
[35m[1mScanning dependencies of target bunker_msgs__rosidl_typesupport_c__pyext[0m
[35m[1mScanning dependencies of target bunker_msgs__rosidl_typesupport_fastrtps_c__pyext[0m
[ 89%] [32mBuilding C object CMakeFiles/bunker_msgs__rosidl_typesupport_introspection_c__pyext.dir/rosidl_generator_py/bunker_msgs/_bunker_msgs_s.ep.rosidl_typesupport_introspection_c.c.o[0m
[ 91%] [32mBuilding C object CMakeFiles/bunker_msgs__rosidl_typesupport_c__pyext.dir/rosidl_generator_py/bunker_msgs/_bunker_msgs_s.ep.rosidl_typesupport_c.c.o[0m
[ 93%] [32mBuilding C object CMakeFiles/bunker_msgs__rosidl_typesupport_fastrtps_c__pyext.dir/rosidl_generator_py/bunker_msgs/_bunker_msgs_s.ep.rosidl_typesupport_fastrtps_c.c.o[0m
[ 95%] [32m[1mLinking C shared library rosidl_generator_py/bunker_msgs/bunker_msgs_s__rosidl_typesupport_introspection_c.cpython-38-x86_64-linux-gnu.so[0m
[ 95%] Built target bunker_msgs__rosidl_typesupport_introspection_c__pyext
[ 97%] [32m[1mLinking C shared library rosidl_generator_py/bunker_msgs/bunker_msgs_s__rosidl_typesupport_c.cpython-38-x86_64-linux-gnu.so[0m
[100%] [32m[1mLinking CXX shared library rosidl_generator_py/bunker_msgs/bunker_msgs_s__rosidl_typesupport_fastrtps_c.cpython-38-x86_64-linux-gnu.so[0m
[100%] Built target bunker_msgs__rosidl_typesupport_c__pyext
[100%] Built target bunker_msgs__rosidl_typesupport_fastrtps_c__pyext
-- Install configuration: ""
-- Execute custom install script
-- Symlinking: /home/prl/track_robot_ws/install/bunker_msgs/share/ament_index/resource_index/rosidl_interfaces/bunker_msgs
-- Symlinking: /home/prl/track_robot_ws/install/bunker_msgs/include/bunker_msgs/msg/bunker_actuator_state.h
-- Symlinking: /home/prl/track_robot_ws/install/bunker_msgs/include/bunker_msgs/msg/bunker_rc_state.h
-- Symlinking: /home/prl/track_robot_ws/install/bunker_msgs/include/bunker_msgs/msg/bunker_status.h
-- Symlinking: /home/prl/track_robot_ws/install/bunker_msgs/include/bunker_msgs/msg/detail/bunker_actuator_state__functions.h
-- Symlinking: /home/prl/track_robot_ws/install/bunker_msgs/include/bunker_msgs/msg/detail/bunker_actuator_state__struct.h
-- Symlinking: /home/prl/track_robot_ws/install/bunker_msgs/include/bunker_msgs/msg/detail/bunker_actuator_state__type_support.h
-- Symlinking: /home/prl/track_robot_ws/install/bunker_msgs/include/bunker_msgs/msg/detail/bunker_rc_state__functions.h
-- Symlinking: /home/prl/track_robot_ws/install/bunker_msgs/include/bunker_msgs/msg/detail/bunker_rc_state__struct.h
-- Symlinking: /home/prl/track_robot_ws/install/bunker_msgs/include/bunker_msgs/msg/detail/bunker_rc_state__type_support.h
-- Symlinking: /home/prl/track_robot_ws/install/bunker_msgs/include/bunker_msgs/msg/detail/bunker_status__functions.h
-- Symlinking: /home/prl/track_robot_ws/install/bunker_msgs/include/bunker_msgs/msg/detail/bunker_status__struct.h
-- Symlinking: /home/prl/track_robot_ws/install/bunker_msgs/include/bunker_msgs/msg/detail/bunker_status__type_support.h
-- Symlinking: /home/prl/track_robot_ws/install/bunker_msgs/include/bunker_msgs/msg/rosidl_generator_c__visibility_control.h
-- Symlinking: /home/prl/track_robot_ws/install/bunker_msgs/share/bunker_msgs/environment/library_path.sh
-- Symlinking: /home/prl/track_robot_ws/install/bunker_msgs/share/bunker_msgs/environment/library_path.dsv
-- Symlinking: /home/prl/track_robot_ws/install/bunker_msgs/include/bunker_msgs/msg/detail/bunker_actuator_state__rosidl_typesupport_fastrtps_c.h
-- Symlinking: /home/prl/track_robot_ws/install/bunker_msgs/include/bunker_msgs/msg/detail/bunker_rc_state__rosidl_typesupport_fastrtps_c.h
-- Symlinking: /home/prl/track_robot_ws/install/bunker_msgs/include/bunker_msgs/msg/detail/bunker_status__rosidl_typesupport_fastrtps_c.h
-- Symlinking: /home/prl/track_robot_ws/install/bunker_msgs/include/bunker_msgs/msg/rosidl_typesupport_fastrtps_c__visibility_control.h
-- Symlinking: /home/prl/track_robot_ws/install/bunker_msgs/lib/libbunker_msgs__rosidl_typesupport_fastrtps_c.so
-- Symlinking: /home/prl/track_robot_ws/install/bunker_msgs/include/bunker_msgs/msg/detail/bunker_actuator_state__rosidl_typesupport_fastrtps_cpp.hpp
-- Symlinking: /home/prl/track_robot_ws/install/bunker_msgs/include/bunker_msgs/msg/detail/bunker_rc_state__rosidl_typesupport_fastrtps_cpp.hpp
-- Symlinking: /home/prl/track_robot_ws/install/bunker_msgs/include/bunker_msgs/msg/detail/bunker_status__rosidl_typesupport_fastrtps_cpp.hpp
-- Symlinking: /home/prl/track_robot_ws/install/bunker_msgs/include/bunker_msgs/msg/rosidl_typesupport_fastrtps_cpp__visibility_control.h
-- Symlinking: /home/prl/track_robot_ws/install/bunker_msgs/lib/libbunker_msgs__rosidl_typesupport_fastrtps_cpp.so
-- Symlinking: /home/prl/track_robot_ws/install/bunker_msgs/include/bunker_msgs/msg/detail/bunker_actuator_state__rosidl_typesupport_introspection_c.h
-- Symlinking: /home/prl/track_robot_ws/install/bunker_msgs/include/bunker_msgs/msg/detail/bunker_rc_state__rosidl_typesupport_introspection_c.h
-- Symlinking: /home/prl/track_robot_ws/install/bunker_msgs/include/bunker_msgs/msg/detail/bunker_status__rosidl_typesupport_introspection_c.h
-- Symlinking: /home/prl/track_robot_ws/install/bunker_msgs/include/bunker_msgs/msg/rosidl_typesupport_introspection_c__visibility_control.h
-- Symlinking: /home/prl/track_robot_ws/install/bunker_msgs/include/bunker_msgs/msg/bunker_actuator_state.hpp
-- Symlinking: /home/prl/track_robot_ws/install/bunker_msgs/include/bunker_msgs/msg/bunker_rc_state.hpp
-- Symlinking: /home/prl/track_robot_ws/install/bunker_msgs/include/bunker_msgs/msg/bunker_status.hpp
-- Symlinking: /home/prl/track_robot_ws/install/bunker_msgs/include/bunker_msgs/msg/detail/bunker_actuator_state__builder.hpp
-- Symlinking: /home/prl/track_robot_ws/install/bunker_msgs/include/bunker_msgs/msg/detail/bunker_actuator_state__struct.hpp
-- Symlinking: /home/prl/track_robot_ws/install/bunker_msgs/include/bunker_msgs/msg/detail/bunker_actuator_state__traits.hpp
-- Symlinking: /home/prl/track_robot_ws/install/bunker_msgs/include/bunker_msgs/msg/detail/bunker_actuator_state__type_support.hpp
-- Symlinking: /home/prl/track_robot_ws/install/bunker_msgs/include/bunker_msgs/msg/detail/bunker_rc_state__builder.hpp
-- Symlinking: /home/prl/track_robot_ws/install/bunker_msgs/include/bunker_msgs/msg/detail/bunker_rc_state__struct.hpp
-- Symlinking: /home/prl/track_robot_ws/install/bunker_msgs/include/bunker_msgs/msg/detail/bunker_rc_state__traits.hpp
-- Symlinking: /home/prl/track_robot_ws/install/bunker_msgs/include/bunker_msgs/msg/detail/bunker_rc_state__type_support.hpp
-- Symlinking: /home/prl/track_robot_ws/install/bunker_msgs/include/bunker_msgs/msg/detail/bunker_status__builder.hpp
-- Symlinking: /home/prl/track_robot_ws/install/bunker_msgs/include/bunker_msgs/msg/detail/bunker_status__struct.hpp
-- Symlinking: /home/prl/track_robot_ws/install/bunker_msgs/include/bunker_msgs/msg/detail/bunker_status__traits.hpp
-- Symlinking: /home/prl/track_robot_ws/install/bunker_msgs/include/bunker_msgs/msg/detail/bunker_status__type_support.hpp
-- Symlinking: /home/prl/track_robot_ws/install/bunker_msgs/include/bunker_msgs/msg/rosidl_generator_cpp__visibility_control.hpp
-- Symlinking: /home/prl/track_robot_ws/install/bunker_msgs/include/bunker_msgs/msg/detail/bunker_actuator_state__rosidl_typesupport_introspection_cpp.hpp
-- Symlinking: /home/prl/track_robot_ws/install/bunker_msgs/include/bunker_msgs/msg/detail/bunker_rc_state__rosidl_typesupport_introspection_cpp.hpp
-- Symlinking: /home/prl/track_robot_ws/install/bunker_msgs/include/bunker_msgs/msg/detail/bunker_status__rosidl_typesupport_introspection_cpp.hpp
-- Symlinking: /home/prl/track_robot_ws/install/bunker_msgs/share/bunker_msgs/environment/pythonpath.sh
-- Symlinking: /home/prl/track_robot_ws/install/bunker_msgs/share/bunker_msgs/environment/pythonpath.dsv
-- Symlinking: /home/prl/track_robot_ws/install/bunker_msgs/lib/python3.8/site-packages/bunker_msgs/__init__.py
-- Symlinking: /home/prl/track_robot_ws/install/bunker_msgs/lib/python3.8/site-packages/bunker_msgs/msg/__init__.py
-- Symlinking: /home/prl/track_robot_ws/install/bunker_msgs/lib/python3.8/site-packages/bunker_msgs/msg/_bunker_actuator_state.py
-- Symlinking: /home/prl/track_robot_ws/install/bunker_msgs/lib/python3.8/site-packages/bunker_msgs/msg/_bunker_rc_state.py
-- Symlinking: /home/prl/track_robot_ws/install/bunker_msgs/lib/python3.8/site-packages/bunker_msgs/msg/_bunker_status.py
-- Symlinking: /home/prl/track_robot_ws/install/bunker_msgs/lib/python3.8/site-packages/bunker_msgs/bunker_msgs_s__rosidl_typesupport_fastrtps_c.cpython-38-x86_64-linux-gnu.so
-- Symlinking: /home/prl/track_robot_ws/install/bunker_msgs/lib/python3.8/site-packages/bunker_msgs/bunker_msgs_s__rosidl_typesupport_introspection_c.cpython-38-x86_64-linux-gnu.so
-- Symlinking: /home/prl/track_robot_ws/install/bunker_msgs/lib/python3.8/site-packages/bunker_msgs/bunker_msgs_s__rosidl_typesupport_c.cpython-38-x86_64-linux-gnu.so
-- Symlinking: /home/prl/track_robot_ws/install/bunker_msgs/lib/libbunker_msgs__python.so
-- Symlinking: /home/prl/track_robot_ws/install/bunker_msgs/share/bunker_msgs/msg/BunkerActuatorState.idl
-- Symlinking: /home/prl/track_robot_ws/install/bunker_msgs/share/bunker_msgs/msg/BunkerRCState.idl
-- Symlinking: /home/prl/track_robot_ws/install/bunker_msgs/share/bunker_msgs/msg/BunkerStatus.idl
-- Symlinking: /home/prl/track_robot_ws/install/bunker_msgs/share/bunker_msgs/msg/BunkerActuatorState.msg
-- Symlinking: /home/prl/track_robot_ws/install/bunker_msgs/share/bunker_msgs/msg/BunkerRCState.msg
-- Symlinking: /home/prl/track_robot_ws/install/bunker_msgs/share/bunker_msgs/msg/BunkerStatus.msg
-- Symlinking: /home/prl/track_robot_ws/install/bunker_msgs/share/ament_index/resource_index/package_run_dependencies/bunker_msgs
-- Symlinking: /home/prl/track_robot_ws/install/bunker_msgs/share/ament_index/resource_index/parent_prefix_path/bunker_msgs
-- Symlinking: /home/prl/track_robot_ws/install/bunker_msgs/share/bunker_msgs/environment/ament_prefix_path.sh
-- Symlinking: /home/prl/track_robot_ws/install/bunker_msgs/share/bunker_msgs/environment/ament_prefix_path.dsv
-- Symlinking: /home/prl/track_robot_ws/install/bunker_msgs/share/bunker_msgs/environment/path.sh
-- Symlinking: /home/prl/track_robot_ws/install/bunker_msgs/share/bunker_msgs/environment/path.dsv
-- Symlinking: /home/prl/track_robot_ws/install/bunker_msgs/share/bunker_msgs/local_setup.bash
-- Symlinking: /home/prl/track_robot_ws/install/bunker_msgs/share/bunker_msgs/local_setup.sh
-- Symlinking: /home/prl/track_robot_ws/install/bunker_msgs/share/bunker_msgs/local_setup.zsh
-- Symlinking: /home/prl/track_robot_ws/install/bunker_msgs/share/bunker_msgs/local_setup.dsv
-- Symlinking: /home/prl/track_robot_ws/install/bunker_msgs/share/bunker_msgs/package.dsv
-- Symlinking: /home/prl/track_robot_ws/install/bunker_msgs/share/ament_index/resource_index/packages/bunker_msgs
-- Symlinking: /home/prl/track_robot_ws/install/bunker_msgs/share/bunker_msgs/cmake/rosidl_cmake-extras.cmake
-- Symlinking: /home/prl/track_robot_ws/install/bunker_msgs/share/bunker_msgs/cmake/ament_cmake_export_dependencies-extras.cmake
-- Symlinking: /home/prl/track_robot_ws/install/bunker_msgs/share/bunker_msgs/cmake/ament_cmake_export_libraries-extras.cmake
-- Symlinking: /home/prl/track_robot_ws/install/bunker_msgs/share/bunker_msgs/cmake/ament_cmake_export_targets-extras.cmake
-- Symlinking: /home/prl/track_robot_ws/install/bunker_msgs/share/bunker_msgs/cmake/ament_cmake_export_include_directories-extras.cmake
-- Symlinking: /home/prl/track_robot_ws/install/bunker_msgs/share/bunker_msgs/cmake/rosidl_cmake_export_typesupport_libraries-extras.cmake
-- Symlinking: /home/prl/track_robot_ws/install/bunker_msgs/share/bunker_msgs/cmake/rosidl_cmake_export_typesupport_targets-extras.cmake
-- Symlinking: /home/prl/track_robot_ws/install/bunker_msgs/share/bunker_msgs/cmake/bunker_msgsConfig.cmake
-- Symlinking: /home/prl/track_robot_ws/install/bunker_msgs/share/bunker_msgs/cmake/bunker_msgsConfig-version.cmake
-- Symlinking: /home/prl/track_robot_ws/install/bunker_msgs/share/bunker_msgs/package.xml
-- Installing: /home/prl/track_robot_ws/install/bunker_msgs/lib/libbunker_msgs__rosidl_generator_c.so
-- Set runtime path of "/home/prl/track_robot_ws/install/bunker_msgs/lib/libbunker_msgs__rosidl_generator_c.so" to ""
-- Installing: /home/prl/track_robot_ws/install/bunker_msgs/lib/libbunker_msgs__rosidl_typesupport_introspection_c.so
-- Set runtime path of "/home/prl/track_robot_ws/install/bunker_msgs/lib/libbunker_msgs__rosidl_typesupport_introspection_c.so" to ""
-- Installing: /home/prl/track_robot_ws/install/bunker_msgs/lib/libbunker_msgs__rosidl_typesupport_c.so
-- Set runtime path of "/home/prl/track_robot_ws/install/bunker_msgs/lib/libbunker_msgs__rosidl_typesupport_c.so" to ""
-- Installing: /home/prl/track_robot_ws/install/bunker_msgs/lib/libbunker_msgs__rosidl_typesupport_introspection_cpp.so
-- Set runtime path of "/home/prl/track_robot_ws/install/bunker_msgs/lib/libbunker_msgs__rosidl_typesupport_introspection_cpp.so" to ""
-- Installing: /home/prl/track_robot_ws/install/bunker_msgs/lib/libbunker_msgs__rosidl_typesupport_cpp.so
-- Set runtime path of "/home/prl/track_robot_ws/install/bunker_msgs/lib/libbunker_msgs__rosidl_typesupport_cpp.so" to ""
Compiling '/home/prl/track_robot_ws/install/bunker_msgs/lib/python3.8/site-packages/bunker_msgs/__init__.py'...
-- Installing: /home/prl/track_robot_ws/install/bunker_msgs/share/bunker_msgs/cmake/bunker_msgs__rosidl_generator_cExport.cmake
-- Installing: /home/prl/track_robot_ws/install/bunker_msgs/share/bunker_msgs/cmake/bunker_msgs__rosidl_generator_cExport-noconfig.cmake
-- Installing: /home/prl/track_robot_ws/install/bunker_msgs/share/bunker_msgs/cmake/bunker_msgs__rosidl_typesupport_introspection_cExport.cmake
-- Installing: /home/prl/track_robot_ws/install/bunker_msgs/share/bunker_msgs/cmake/bunker_msgs__rosidl_typesupport_introspection_cExport-noconfig.cmake
-- Installing: /home/prl/track_robot_ws/install/bunker_msgs/share/bunker_msgs/cmake/bunker_msgs__rosidl_typesupport_cExport.cmake
-- Installing: /home/prl/track_robot_ws/install/bunker_msgs/share/bunker_msgs/cmake/bunker_msgs__rosidl_typesupport_cExport-noconfig.cmake
-- Installing: /home/prl/track_robot_ws/install/bunker_msgs/share/bunker_msgs/cmake/bunker_msgs__rosidl_generator_cppExport.cmake
-- Installing: /home/prl/track_robot_ws/install/bunker_msgs/share/bunker_msgs/cmake/bunker_msgs__rosidl_typesupport_introspection_cppExport.cmake
-- Installing: /home/prl/track_robot_ws/install/bunker_msgs/share/bunker_msgs/cmake/bunker_msgs__rosidl_typesupport_introspection_cppExport-noconfig.cmake
-- Installing: /home/prl/track_robot_ws/install/bunker_msgs/share/bunker_msgs/cmake/bunker_msgs__rosidl_typesupport_cppExport.cmake
-- Installing: /home/prl/track_robot_ws/install/bunker_msgs/share/bunker_msgs/cmake/bunker_msgs__rosidl_typesupport_cppExport-noconfig.cmake
