[0.048s] Invoking command in '/home/prl/track_robot_ws/build/bunker_msgs': CMAKE_PREFIX_PATH=${CMAKE_PREFIX_PATH}:/home/prl/track_robot_ws/install/track_robot_teleop:/opt/ros/foxy /usr/bin/cmake /home/prl/track_robot_ws/src/third_party_ros/bunker_ros2/bunker_msgs -DAMENT_CMAKE_SYMLINK_INSTALL=1 -DCMAKE_INSTALL_PREFIX=/home/prl/track_robot_ws/install/bunker_msgs
[0.380s] -- The C compiler identification is GNU 9.4.0
[0.380s] -- The CXX compiler identification is GNU 9.4.0
[0.381s] -- Check for working C compiler: /usr/bin/cc
[0.381s] -- Check for working C compiler: /usr/bin/cc -- works
[0.381s] -- Detecting C compiler ABI info
[0.381s] -- Detecting C compiler ABI info - done
[0.381s] -- Detecting C compile features
[0.381s] -- Detecting C compile features - done
[0.381s] -- Check for working CXX compiler: /usr/bin/c++
[0.435s] -- Check for working CXX compiler: /usr/bin/c++ -- works
[0.437s] -- Detecting CXX compiler ABI info
[0.519s] -- Detecting CXX compiler ABI info - done
[0.545s] -- Detecting CXX compile features
[0.546s] -- Detecting CXX compile features - done
[0.549s] -- Found ament_cmake: 0.9.12 (/opt/ros/foxy/share/ament_cmake/cmake)
[0.577s] -- Found PythonInterp: /usr/bin/python3 (found suitable version "3.8.10", minimum required is "3") 
[0.578s] -- Using PYTHON_EXECUTABLE: /usr/bin/python3
[0.789s] -- Override CMake install command with custom implementation using symlinks instead of copying resources
[0.812s] -- Found builtin_interfaces: 1.0.0 (/opt/ros/foxy/share/builtin_interfaces/cmake)
[0.841s] -- Using all available rosidl_typesupport_c: rosidl_typesupport_fastrtps_c;rosidl_typesupport_introspection_c
[0.847s] -- Found rosidl_adapter: 1.3.1 (/opt/ros/foxy/share/rosidl_adapter/cmake)
[0.937s] -- Found OpenSSL: /usr/lib/x86_64-linux-gnu/libcrypto.so (found version "1.1.1f")  
[1.010s] -- Found FastRTPS: /opt/ros/foxy/include  
[1.184s] -- Using all available rosidl_typesupport_cpp: rosidl_typesupport_fastrtps_cpp;rosidl_typesupport_introspection_cpp
[1.240s] -- Found rosidl_default_generators: 1.0.1 (/opt/ros/foxy/share/rosidl_default_generators/cmake)
[1.264s] -- Found std_msgs: 2.0.5 (/opt/ros/foxy/share/std_msgs/cmake)
[1.339s] -- Found PythonInterp: /usr/bin/python3 (found version "3.8.10") 
[1.653s] -- Found ament_cmake_ros: 0.9.2 (/opt/ros/foxy/share/ament_cmake_ros/cmake)
[2.028s] -- Using all available rosidl_typesupport_c: rosidl_typesupport_fastrtps_c;rosidl_typesupport_introspection_c
[2.171s] -- Using all available rosidl_typesupport_cpp: rosidl_typesupport_fastrtps_cpp;rosidl_typesupport_introspection_cpp
[2.227s] -- Found PythonInterp: /usr/bin/python3 (found suitable version "3.8.10", minimum required is "3.5") 
[2.229s] -- Found python_cmake_module: 0.8.1 (/opt/ros/foxy/share/python_cmake_module/cmake)
[2.298s] -- Found PythonLibs: /usr/lib/x86_64-linux-gnu/libpython3.8.so (found suitable version "3.8.10", minimum required is "3.5") 
[2.298s] -- Using PYTHON_EXECUTABLE: /usr/bin/python3
[2.299s] -- Using PYTHON_INCLUDE_DIRS: /usr/include/python3.8
[2.299s] -- Using PYTHON_LIBRARIES: /usr/lib/x86_64-linux-gnu/libpython3.8.so
[2.343s] -- Found PythonExtra: .so  
[2.465s] -- Found ament_lint_auto: 0.9.8 (/opt/ros/foxy/share/ament_lint_auto/cmake)
[2.502s] -- Added test 'copyright' to check source files copyright and LICENSE
[2.505s] -- Added test 'lint_cmake' to check CMake code style
[2.507s] -- Added test 'xmllint' to check XML markup files
[2.520s] -- Configuring done
[2.610s] -- Generating done
[2.640s] -- Build files have been written to: /home/prl/track_robot_ws/build/bunker_msgs
[2.660s] Invoked command in '/home/prl/track_robot_ws/build/bunker_msgs' returned '0': CMAKE_PREFIX_PATH=${CMAKE_PREFIX_PATH}:/home/prl/track_robot_ws/install/track_robot_teleop:/opt/ros/foxy /usr/bin/cmake /home/prl/track_robot_ws/src/third_party_ros/bunker_ros2/bunker_msgs -DAMENT_CMAKE_SYMLINK_INSTALL=1 -DCMAKE_INSTALL_PREFIX=/home/prl/track_robot_ws/install/bunker_msgs
[2.661s] Invoking command in '/home/prl/track_robot_ws/build/bunker_msgs': CMAKE_PREFIX_PATH=${CMAKE_PREFIX_PATH}:/home/prl/track_robot_ws/install/track_robot_teleop:/opt/ros/foxy /usr/bin/cmake --build /home/prl/track_robot_ws/build/bunker_msgs -- -j16 -l16
[2.735s] [  2%] [34m[1mGenerating C code for ROS interfaces[0m
[2.767s] [35m[1mScanning dependencies of target bunker_msgs__cpp[0m
[2.784s] [  4%] [34m[1mGenerating C++ code for ROS interfaces[0m
[3.667s] [35m[1mScanning dependencies of target bunker_msgs__rosidl_generator_c[0m
[3.697s] [  6%] [32mBuilding C object CMakeFiles/bunker_msgs__rosidl_generator_c.dir/rosidl_generator_c/bunker_msgs/msg/detail/bunker_actuator_state__functions.c.o[0m
[3.720s] [  6%] Built target bunker_msgs__cpp
[3.723s] [  8%] [32mBuilding C object CMakeFiles/bunker_msgs__rosidl_generator_c.dir/rosidl_generator_c/bunker_msgs/msg/detail/bunker_rc_state__functions.c.o[0m
[3.724s] [ 10%] [32mBuilding C object CMakeFiles/bunker_msgs__rosidl_generator_c.dir/rosidl_generator_c/bunker_msgs/msg/detail/bunker_status__functions.c.o[0m
[3.740s] [ 12%] [34m[1mGenerating C++ type support for eProsima Fast-RTPS[0m
[3.742s] [ 14%] [34m[1mGenerating C++ type support dispatch for ROS interfaces[0m
[3.795s] [ 17%] [34m[1mGenerating C++ introspection for ROS interfaces[0m
[3.856s] [ 19%] [32m[1mLinking C shared library libbunker_msgs__rosidl_generator_c.so[0m
[3.932s] [ 19%] Built target bunker_msgs__rosidl_generator_c
[4.010s] [ 21%] [34m[1mGenerating C introspection for ROS interfaces[0m
[4.010s] [ 23%] [34m[1mGenerating C type support dispatch for ROS interfaces[0m
[4.491s] [35m[1mScanning dependencies of target bunker_msgs__rosidl_typesupport_cpp[0m
[4.563s] [ 25%] [32mBuilding CXX object CMakeFiles/bunker_msgs__rosidl_typesupport_cpp.dir/rosidl_typesupport_cpp/bunker_msgs/msg/bunker_actuator_state__type_support.cpp.o[0m
[4.572s] [ 27%] [32mBuilding CXX object CMakeFiles/bunker_msgs__rosidl_typesupport_cpp.dir/rosidl_typesupport_cpp/bunker_msgs/msg/bunker_rc_state__type_support.cpp.o[0m
[4.590s] [ 29%] [32mBuilding CXX object CMakeFiles/bunker_msgs__rosidl_typesupport_cpp.dir/rosidl_typesupport_cpp/bunker_msgs/msg/bunker_status__type_support.cpp.o[0m
[4.630s] [35m[1mScanning dependencies of target bunker_msgs__rosidl_typesupport_fastrtps_cpp[0m
[4.675s] [ 31%] [32mBuilding CXX object CMakeFiles/bunker_msgs__rosidl_typesupport_fastrtps_cpp.dir/rosidl_typesupport_fastrtps_cpp/bunker_msgs/msg/detail/dds_fastrtps/bunker_rc_state__type_support.cpp.o[0m
[4.698s] [ 34%] [32mBuilding CXX object CMakeFiles/bunker_msgs__rosidl_typesupport_fastrtps_cpp.dir/rosidl_typesupport_fastrtps_cpp/bunker_msgs/msg/detail/dds_fastrtps/bunker_actuator_state__type_support.cpp.o[0m
[4.722s] [ 36%] [32mBuilding CXX object CMakeFiles/bunker_msgs__rosidl_typesupport_fastrtps_cpp.dir/rosidl_typesupport_fastrtps_cpp/bunker_msgs/msg/detail/dds_fastrtps/bunker_status__type_support.cpp.o[0m
[4.727s] [35m[1mScanning dependencies of target bunker_msgs__rosidl_typesupport_introspection_cpp[0m
[4.777s] [35m[1mScanning dependencies of target bunker_msgs__rosidl_typesupport_c[0m
[4.793s] [ 38%] [32mBuilding CXX object CMakeFiles/bunker_msgs__rosidl_typesupport_introspection_cpp.dir/rosidl_typesupport_introspection_cpp/bunker_msgs/msg/detail/bunker_actuator_state__type_support.cpp.o[0m
[4.848s] [ 40%] [32mBuilding CXX object CMakeFiles/bunker_msgs__rosidl_typesupport_introspection_cpp.dir/rosidl_typesupport_introspection_cpp/bunker_msgs/msg/detail/bunker_rc_state__type_support.cpp.o[0m
[4.848s] [ 42%] [32mBuilding CXX object CMakeFiles/bunker_msgs__rosidl_typesupport_introspection_cpp.dir/rosidl_typesupport_introspection_cpp/bunker_msgs/msg/detail/bunker_status__type_support.cpp.o[0m
[4.855s] [ 44%] [32mBuilding CXX object CMakeFiles/bunker_msgs__rosidl_typesupport_c.dir/rosidl_typesupport_c/bunker_msgs/msg/bunker_actuator_state__type_support.cpp.o[0m
[4.866s] [ 46%] [32mBuilding CXX object CMakeFiles/bunker_msgs__rosidl_typesupport_c.dir/rosidl_typesupport_c/bunker_msgs/msg/bunker_rc_state__type_support.cpp.o[0m
[4.880s] [ 48%] [32mBuilding CXX object CMakeFiles/bunker_msgs__rosidl_typesupport_c.dir/rosidl_typesupport_c/bunker_msgs/msg/bunker_status__type_support.cpp.o[0m
[5.042s] [ 51%] [32m[1mLinking CXX shared library libbunker_msgs__rosidl_typesupport_c.so[0m
[5.171s] [35m[1mScanning dependencies of target bunker_msgs__rosidl_typesupport_introspection_c[0m
[5.219s] [ 51%] Built target bunker_msgs__rosidl_typesupport_c
[5.230s] [ 53%] [32mBuilding C object CMakeFiles/bunker_msgs__rosidl_typesupport_introspection_c.dir/rosidl_typesupport_introspection_c/bunker_msgs/msg/detail/bunker_actuator_state__type_support.c.o[0m
[5.252s] [ 55%] [32mBuilding C object CMakeFiles/bunker_msgs__rosidl_typesupport_introspection_c.dir/rosidl_typesupport_introspection_c/bunker_msgs/msg/detail/bunker_rc_state__type_support.c.o[0m
[5.274s] [ 57%] [32mBuilding C object CMakeFiles/bunker_msgs__rosidl_typesupport_introspection_c.dir/rosidl_typesupport_introspection_c/bunker_msgs/msg/detail/bunker_status__type_support.c.o[0m
[5.406s] [ 59%] [32m[1mLinking CXX shared library libbunker_msgs__rosidl_typesupport_cpp.so[0m
[5.420s] [ 61%] [32m[1mLinking C shared library libbunker_msgs__rosidl_typesupport_introspection_c.so[0m
[5.484s] [ 61%] Built target bunker_msgs__rosidl_typesupport_introspection_c
[5.493s] [ 61%] Built target bunker_msgs__rosidl_typesupport_cpp
[5.654s] [ 63%] [32m[1mLinking CXX shared library libbunker_msgs__rosidl_typesupport_introspection_cpp.so[0m
[5.682s] [ 65%] [32m[1mLinking CXX shared library libbunker_msgs__rosidl_typesupport_fastrtps_cpp.so[0m
[5.738s] [ 65%] Built target bunker_msgs__rosidl_typesupport_introspection_cpp
[5.786s] [ 65%] Built target bunker_msgs__rosidl_typesupport_fastrtps_cpp
[5.798s] [ 68%] [34m[1mGenerating C type support for eProsima Fast-RTPS[0m
[6.206s] [35m[1mScanning dependencies of target bunker_msgs__rosidl_typesupport_fastrtps_c[0m
[6.223s] [ 70%] [32mBuilding CXX object CMakeFiles/bunker_msgs__rosidl_typesupport_fastrtps_c.dir/rosidl_typesupport_fastrtps_c/bunker_msgs/msg/detail/bunker_actuator_state__type_support_c.cpp.o[0m
[6.223s] [ 72%] [32mBuilding CXX object CMakeFiles/bunker_msgs__rosidl_typesupport_fastrtps_c.dir/rosidl_typesupport_fastrtps_c/bunker_msgs/msg/detail/bunker_rc_state__type_support_c.cpp.o[0m
[6.226s] [ 74%] [32mBuilding CXX object CMakeFiles/bunker_msgs__rosidl_typesupport_fastrtps_c.dir/rosidl_typesupport_fastrtps_c/bunker_msgs/msg/detail/bunker_status__type_support_c.cpp.o[0m
[6.730s] [ 76%] [32m[1mLinking CXX shared library libbunker_msgs__rosidl_typesupport_fastrtps_c.so[0m
[6.890s] [ 76%] Built target bunker_msgs__rosidl_typesupport_fastrtps_c
[6.906s] [35m[1mScanning dependencies of target bunker_msgs[0m
[6.923s] [ 76%] Built target bunker_msgs
[6.939s] [35m[1mScanning dependencies of target bunker_msgs__py[0m
[6.959s] [ 78%] [34m[1mGenerating Python code for ROS interfaces[0m
[8.050s] [ 78%] Built target bunker_msgs__py
[8.061s] [35m[1mScanning dependencies of target bunker_msgs__python[0m
[8.086s] [ 80%] [32mBuilding C object CMakeFiles/bunker_msgs__python.dir/rosidl_generator_py/bunker_msgs/msg/_bunker_rc_state_s.c.o[0m
[8.087s] [ 82%] [32mBuilding C object CMakeFiles/bunker_msgs__python.dir/rosidl_generator_py/bunker_msgs/msg/_bunker_actuator_state_s.c.o[0m
[8.088s] [ 85%] [32mBuilding C object CMakeFiles/bunker_msgs__python.dir/rosidl_generator_py/bunker_msgs/msg/_bunker_status_s.c.o[0m
[8.261s] [ 87%] [32m[1mLinking C shared library rosidl_generator_py/bunker_msgs/libbunker_msgs__python.so[0m
[8.311s] [ 87%] Built target bunker_msgs__python
[8.324s] [35m[1mScanning dependencies of target bunker_msgs__rosidl_typesupport_introspection_c__pyext[0m
[8.326s] [35m[1mScanning dependencies of target bunker_msgs__rosidl_typesupport_c__pyext[0m
[8.328s] [35m[1mScanning dependencies of target bunker_msgs__rosidl_typesupport_fastrtps_c__pyext[0m
[8.351s] [ 89%] [32mBuilding C object CMakeFiles/bunker_msgs__rosidl_typesupport_introspection_c__pyext.dir/rosidl_generator_py/bunker_msgs/_bunker_msgs_s.ep.rosidl_typesupport_introspection_c.c.o[0m
[8.354s] [ 91%] [32mBuilding C object CMakeFiles/bunker_msgs__rosidl_typesupport_c__pyext.dir/rosidl_generator_py/bunker_msgs/_bunker_msgs_s.ep.rosidl_typesupport_c.c.o[0m
[8.366s] [ 93%] [32mBuilding C object CMakeFiles/bunker_msgs__rosidl_typesupport_fastrtps_c__pyext.dir/rosidl_generator_py/bunker_msgs/_bunker_msgs_s.ep.rosidl_typesupport_fastrtps_c.c.o[0m
[8.458s] [ 95%] [32m[1mLinking C shared library rosidl_generator_py/bunker_msgs/bunker_msgs_s__rosidl_typesupport_introspection_c.cpython-38-x86_64-linux-gnu.so[0m
[8.504s] [ 95%] Built target bunker_msgs__rosidl_typesupport_introspection_c__pyext
[8.519s] [ 97%] [32m[1mLinking C shared library rosidl_generator_py/bunker_msgs/bunker_msgs_s__rosidl_typesupport_c.cpython-38-x86_64-linux-gnu.so[0m
[8.532s] [100%] [32m[1mLinking CXX shared library rosidl_generator_py/bunker_msgs/bunker_msgs_s__rosidl_typesupport_fastrtps_c.cpython-38-x86_64-linux-gnu.so[0m
[8.580s] [100%] Built target bunker_msgs__rosidl_typesupport_c__pyext
[8.619s] [100%] Built target bunker_msgs__rosidl_typesupport_fastrtps_c__pyext
[8.633s] Invoked command in '/home/prl/track_robot_ws/build/bunker_msgs' returned '0': CMAKE_PREFIX_PATH=${CMAKE_PREFIX_PATH}:/home/prl/track_robot_ws/install/track_robot_teleop:/opt/ros/foxy /usr/bin/cmake --build /home/prl/track_robot_ws/build/bunker_msgs -- -j16 -l16
[8.636s] Invoking command in '/home/prl/track_robot_ws/build/bunker_msgs': CMAKE_PREFIX_PATH=${CMAKE_PREFIX_PATH}:/home/prl/track_robot_ws/install/track_robot_teleop:/opt/ros/foxy /usr/bin/cmake --install /home/prl/track_robot_ws/build/bunker_msgs
[8.646s] -- Install configuration: ""
[8.647s] -- Execute custom install script
[8.647s] -- Symlinking: /home/prl/track_robot_ws/install/bunker_msgs/share/ament_index/resource_index/rosidl_interfaces/bunker_msgs
[8.659s] -- Symlinking: /home/prl/track_robot_ws/install/bunker_msgs/include/bunker_msgs/msg/bunker_actuator_state.h
[8.668s] -- Symlinking: /home/prl/track_robot_ws/install/bunker_msgs/include/bunker_msgs/msg/bunker_rc_state.h
[8.678s] -- Symlinking: /home/prl/track_robot_ws/install/bunker_msgs/include/bunker_msgs/msg/bunker_status.h
[8.687s] -- Symlinking: /home/prl/track_robot_ws/install/bunker_msgs/include/bunker_msgs/msg/detail/bunker_actuator_state__functions.h
[8.697s] -- Symlinking: /home/prl/track_robot_ws/install/bunker_msgs/include/bunker_msgs/msg/detail/bunker_actuator_state__struct.h
[8.706s] -- Symlinking: /home/prl/track_robot_ws/install/bunker_msgs/include/bunker_msgs/msg/detail/bunker_actuator_state__type_support.h
[8.715s] -- Symlinking: /home/prl/track_robot_ws/install/bunker_msgs/include/bunker_msgs/msg/detail/bunker_rc_state__functions.h
[8.725s] -- Symlinking: /home/prl/track_robot_ws/install/bunker_msgs/include/bunker_msgs/msg/detail/bunker_rc_state__struct.h
[8.735s] -- Symlinking: /home/prl/track_robot_ws/install/bunker_msgs/include/bunker_msgs/msg/detail/bunker_rc_state__type_support.h
[8.744s] -- Symlinking: /home/prl/track_robot_ws/install/bunker_msgs/include/bunker_msgs/msg/detail/bunker_status__functions.h
[8.755s] -- Symlinking: /home/prl/track_robot_ws/install/bunker_msgs/include/bunker_msgs/msg/detail/bunker_status__struct.h
[8.765s] -- Symlinking: /home/prl/track_robot_ws/install/bunker_msgs/include/bunker_msgs/msg/detail/bunker_status__type_support.h
[8.774s] -- Symlinking: /home/prl/track_robot_ws/install/bunker_msgs/include/bunker_msgs/msg/rosidl_generator_c__visibility_control.h
[8.784s] -- Symlinking: /home/prl/track_robot_ws/install/bunker_msgs/share/bunker_msgs/environment/library_path.sh
[8.793s] -- Symlinking: /home/prl/track_robot_ws/install/bunker_msgs/share/bunker_msgs/environment/library_path.dsv
[8.804s] -- Symlinking: /home/prl/track_robot_ws/install/bunker_msgs/include/bunker_msgs/msg/detail/bunker_actuator_state__rosidl_typesupport_fastrtps_c.h
[8.813s] -- Symlinking: /home/prl/track_robot_ws/install/bunker_msgs/include/bunker_msgs/msg/detail/bunker_rc_state__rosidl_typesupport_fastrtps_c.h
[8.822s] -- Symlinking: /home/prl/track_robot_ws/install/bunker_msgs/include/bunker_msgs/msg/detail/bunker_status__rosidl_typesupport_fastrtps_c.h
[8.832s] -- Symlinking: /home/prl/track_robot_ws/install/bunker_msgs/include/bunker_msgs/msg/rosidl_typesupport_fastrtps_c__visibility_control.h
[8.843s] -- Symlinking: /home/prl/track_robot_ws/install/bunker_msgs/lib/libbunker_msgs__rosidl_typesupport_fastrtps_c.so
[8.855s] -- Symlinking: /home/prl/track_robot_ws/install/bunker_msgs/include/bunker_msgs/msg/detail/bunker_actuator_state__rosidl_typesupport_fastrtps_cpp.hpp
[8.865s] -- Symlinking: /home/prl/track_robot_ws/install/bunker_msgs/include/bunker_msgs/msg/detail/bunker_rc_state__rosidl_typesupport_fastrtps_cpp.hpp
[8.875s] -- Symlinking: /home/prl/track_robot_ws/install/bunker_msgs/include/bunker_msgs/msg/detail/bunker_status__rosidl_typesupport_fastrtps_cpp.hpp
[8.885s] -- Symlinking: /home/prl/track_robot_ws/install/bunker_msgs/include/bunker_msgs/msg/rosidl_typesupport_fastrtps_cpp__visibility_control.h
[8.895s] -- Symlinking: /home/prl/track_robot_ws/install/bunker_msgs/lib/libbunker_msgs__rosidl_typesupport_fastrtps_cpp.so
[8.905s] -- Symlinking: /home/prl/track_robot_ws/install/bunker_msgs/include/bunker_msgs/msg/detail/bunker_actuator_state__rosidl_typesupport_introspection_c.h
[8.915s] -- Symlinking: /home/prl/track_robot_ws/install/bunker_msgs/include/bunker_msgs/msg/detail/bunker_rc_state__rosidl_typesupport_introspection_c.h
[8.924s] -- Symlinking: /home/prl/track_robot_ws/install/bunker_msgs/include/bunker_msgs/msg/detail/bunker_status__rosidl_typesupport_introspection_c.h
[8.934s] -- Symlinking: /home/prl/track_robot_ws/install/bunker_msgs/include/bunker_msgs/msg/rosidl_typesupport_introspection_c__visibility_control.h
[8.944s] -- Symlinking: /home/prl/track_robot_ws/install/bunker_msgs/include/bunker_msgs/msg/bunker_actuator_state.hpp
[8.954s] -- Symlinking: /home/prl/track_robot_ws/install/bunker_msgs/include/bunker_msgs/msg/bunker_rc_state.hpp
[8.963s] -- Symlinking: /home/prl/track_robot_ws/install/bunker_msgs/include/bunker_msgs/msg/bunker_status.hpp
[8.973s] -- Symlinking: /home/prl/track_robot_ws/install/bunker_msgs/include/bunker_msgs/msg/detail/bunker_actuator_state__builder.hpp
[8.983s] -- Symlinking: /home/prl/track_robot_ws/install/bunker_msgs/include/bunker_msgs/msg/detail/bunker_actuator_state__struct.hpp
[8.993s] -- Symlinking: /home/prl/track_robot_ws/install/bunker_msgs/include/bunker_msgs/msg/detail/bunker_actuator_state__traits.hpp
[9.004s] -- Symlinking: /home/prl/track_robot_ws/install/bunker_msgs/include/bunker_msgs/msg/detail/bunker_actuator_state__type_support.hpp
[9.014s] -- Symlinking: /home/prl/track_robot_ws/install/bunker_msgs/include/bunker_msgs/msg/detail/bunker_rc_state__builder.hpp
[9.024s] -- Symlinking: /home/prl/track_robot_ws/install/bunker_msgs/include/bunker_msgs/msg/detail/bunker_rc_state__struct.hpp
[9.036s] -- Symlinking: /home/prl/track_robot_ws/install/bunker_msgs/include/bunker_msgs/msg/detail/bunker_rc_state__traits.hpp
[9.047s] -- Symlinking: /home/prl/track_robot_ws/install/bunker_msgs/include/bunker_msgs/msg/detail/bunker_rc_state__type_support.hpp
[9.057s] -- Symlinking: /home/prl/track_robot_ws/install/bunker_msgs/include/bunker_msgs/msg/detail/bunker_status__builder.hpp
[9.067s] -- Symlinking: /home/prl/track_robot_ws/install/bunker_msgs/include/bunker_msgs/msg/detail/bunker_status__struct.hpp
[9.078s] -- Symlinking: /home/prl/track_robot_ws/install/bunker_msgs/include/bunker_msgs/msg/detail/bunker_status__traits.hpp
[9.088s] -- Symlinking: /home/prl/track_robot_ws/install/bunker_msgs/include/bunker_msgs/msg/detail/bunker_status__type_support.hpp
[9.098s] -- Symlinking: /home/prl/track_robot_ws/install/bunker_msgs/include/bunker_msgs/msg/rosidl_generator_cpp__visibility_control.hpp
[9.108s] -- Symlinking: /home/prl/track_robot_ws/install/bunker_msgs/include/bunker_msgs/msg/detail/bunker_actuator_state__rosidl_typesupport_introspection_cpp.hpp
[9.117s] -- Symlinking: /home/prl/track_robot_ws/install/bunker_msgs/include/bunker_msgs/msg/detail/bunker_rc_state__rosidl_typesupport_introspection_cpp.hpp
[9.127s] -- Symlinking: /home/prl/track_robot_ws/install/bunker_msgs/include/bunker_msgs/msg/detail/bunker_status__rosidl_typesupport_introspection_cpp.hpp
[9.137s] -- Symlinking: /home/prl/track_robot_ws/install/bunker_msgs/share/bunker_msgs/environment/pythonpath.sh
[9.147s] -- Symlinking: /home/prl/track_robot_ws/install/bunker_msgs/share/bunker_msgs/environment/pythonpath.dsv
[9.156s] -- Symlinking: /home/prl/track_robot_ws/install/bunker_msgs/lib/python3.8/site-packages/bunker_msgs/__init__.py
[9.166s] -- Symlinking: /home/prl/track_robot_ws/install/bunker_msgs/lib/python3.8/site-packages/bunker_msgs/msg/__init__.py
[9.174s] -- Symlinking: /home/prl/track_robot_ws/install/bunker_msgs/lib/python3.8/site-packages/bunker_msgs/msg/_bunker_actuator_state.py
[9.183s] -- Symlinking: /home/prl/track_robot_ws/install/bunker_msgs/lib/python3.8/site-packages/bunker_msgs/msg/_bunker_rc_state.py
[9.192s] -- Symlinking: /home/prl/track_robot_ws/install/bunker_msgs/lib/python3.8/site-packages/bunker_msgs/msg/_bunker_status.py
[9.201s] -- Symlinking: /home/prl/track_robot_ws/install/bunker_msgs/lib/python3.8/site-packages/bunker_msgs/bunker_msgs_s__rosidl_typesupport_fastrtps_c.cpython-38-x86_64-linux-gnu.so
[9.210s] -- Symlinking: /home/prl/track_robot_ws/install/bunker_msgs/lib/python3.8/site-packages/bunker_msgs/bunker_msgs_s__rosidl_typesupport_introspection_c.cpython-38-x86_64-linux-gnu.so
[9.219s] -- Symlinking: /home/prl/track_robot_ws/install/bunker_msgs/lib/python3.8/site-packages/bunker_msgs/bunker_msgs_s__rosidl_typesupport_c.cpython-38-x86_64-linux-gnu.so
[9.228s] -- Symlinking: /home/prl/track_robot_ws/install/bunker_msgs/lib/libbunker_msgs__python.so
[9.237s] -- Symlinking: /home/prl/track_robot_ws/install/bunker_msgs/share/bunker_msgs/msg/BunkerActuatorState.idl
[9.246s] -- Symlinking: /home/prl/track_robot_ws/install/bunker_msgs/share/bunker_msgs/msg/BunkerRCState.idl
[9.256s] -- Symlinking: /home/prl/track_robot_ws/install/bunker_msgs/share/bunker_msgs/msg/BunkerStatus.idl
[9.265s] -- Symlinking: /home/prl/track_robot_ws/install/bunker_msgs/share/bunker_msgs/msg/BunkerActuatorState.msg
[9.274s] -- Symlinking: /home/prl/track_robot_ws/install/bunker_msgs/share/bunker_msgs/msg/BunkerRCState.msg
[9.283s] -- Symlinking: /home/prl/track_robot_ws/install/bunker_msgs/share/bunker_msgs/msg/BunkerStatus.msg
[9.292s] -- Symlinking: /home/prl/track_robot_ws/install/bunker_msgs/share/ament_index/resource_index/package_run_dependencies/bunker_msgs
[9.301s] -- Symlinking: /home/prl/track_robot_ws/install/bunker_msgs/share/ament_index/resource_index/parent_prefix_path/bunker_msgs
[9.310s] -- Symlinking: /home/prl/track_robot_ws/install/bunker_msgs/share/bunker_msgs/environment/ament_prefix_path.sh
[9.320s] -- Symlinking: /home/prl/track_robot_ws/install/bunker_msgs/share/bunker_msgs/environment/ament_prefix_path.dsv
[9.329s] -- Symlinking: /home/prl/track_robot_ws/install/bunker_msgs/share/bunker_msgs/environment/path.sh
[9.338s] -- Symlinking: /home/prl/track_robot_ws/install/bunker_msgs/share/bunker_msgs/environment/path.dsv
[9.348s] -- Symlinking: /home/prl/track_robot_ws/install/bunker_msgs/share/bunker_msgs/local_setup.bash
[9.358s] -- Symlinking: /home/prl/track_robot_ws/install/bunker_msgs/share/bunker_msgs/local_setup.sh
[9.368s] -- Symlinking: /home/prl/track_robot_ws/install/bunker_msgs/share/bunker_msgs/local_setup.zsh
[9.377s] -- Symlinking: /home/prl/track_robot_ws/install/bunker_msgs/share/bunker_msgs/local_setup.dsv
[9.387s] -- Symlinking: /home/prl/track_robot_ws/install/bunker_msgs/share/bunker_msgs/package.dsv
[9.396s] -- Symlinking: /home/prl/track_robot_ws/install/bunker_msgs/share/ament_index/resource_index/packages/bunker_msgs
[9.406s] -- Symlinking: /home/prl/track_robot_ws/install/bunker_msgs/share/bunker_msgs/cmake/rosidl_cmake-extras.cmake
[9.415s] -- Symlinking: /home/prl/track_robot_ws/install/bunker_msgs/share/bunker_msgs/cmake/ament_cmake_export_dependencies-extras.cmake
[9.426s] -- Symlinking: /home/prl/track_robot_ws/install/bunker_msgs/share/bunker_msgs/cmake/ament_cmake_export_libraries-extras.cmake
[9.435s] -- Symlinking: /home/prl/track_robot_ws/install/bunker_msgs/share/bunker_msgs/cmake/ament_cmake_export_targets-extras.cmake
[9.446s] -- Symlinking: /home/prl/track_robot_ws/install/bunker_msgs/share/bunker_msgs/cmake/ament_cmake_export_include_directories-extras.cmake
[9.455s] -- Symlinking: /home/prl/track_robot_ws/install/bunker_msgs/share/bunker_msgs/cmake/rosidl_cmake_export_typesupport_libraries-extras.cmake
[9.465s] -- Symlinking: /home/prl/track_robot_ws/install/bunker_msgs/share/bunker_msgs/cmake/rosidl_cmake_export_typesupport_targets-extras.cmake
[9.475s] -- Symlinking: /home/prl/track_robot_ws/install/bunker_msgs/share/bunker_msgs/cmake/bunker_msgsConfig.cmake
[9.483s] -- Symlinking: /home/prl/track_robot_ws/install/bunker_msgs/share/bunker_msgs/cmake/bunker_msgsConfig-version.cmake
[9.492s] -- Symlinking: /home/prl/track_robot_ws/install/bunker_msgs/share/bunker_msgs/package.xml
[9.502s] -- Installing: /home/prl/track_robot_ws/install/bunker_msgs/lib/libbunker_msgs__rosidl_generator_c.so
[9.502s] -- Set runtime path of "/home/prl/track_robot_ws/install/bunker_msgs/lib/libbunker_msgs__rosidl_generator_c.so" to ""
[9.502s] -- Installing: /home/prl/track_robot_ws/install/bunker_msgs/lib/libbunker_msgs__rosidl_typesupport_introspection_c.so
[9.502s] -- Set runtime path of "/home/prl/track_robot_ws/install/bunker_msgs/lib/libbunker_msgs__rosidl_typesupport_introspection_c.so" to ""
[9.503s] -- Installing: /home/prl/track_robot_ws/install/bunker_msgs/lib/libbunker_msgs__rosidl_typesupport_c.so
[9.503s] -- Set runtime path of "/home/prl/track_robot_ws/install/bunker_msgs/lib/libbunker_msgs__rosidl_typesupport_c.so" to ""
[9.503s] -- Installing: /home/prl/track_robot_ws/install/bunker_msgs/lib/libbunker_msgs__rosidl_typesupport_introspection_cpp.so
[9.503s] -- Set runtime path of "/home/prl/track_robot_ws/install/bunker_msgs/lib/libbunker_msgs__rosidl_typesupport_introspection_cpp.so" to ""
[9.503s] -- Installing: /home/prl/track_robot_ws/install/bunker_msgs/lib/libbunker_msgs__rosidl_typesupport_cpp.so
[9.504s] -- Set runtime path of "/home/prl/track_robot_ws/install/bunker_msgs/lib/libbunker_msgs__rosidl_typesupport_cpp.so" to ""
[9.538s] Compiling '/home/prl/track_robot_ws/install/bunker_msgs/lib/python3.8/site-packages/bunker_msgs/__init__.py'...
[9.543s] -- Installing: /home/prl/track_robot_ws/install/bunker_msgs/share/bunker_msgs/cmake/bunker_msgs__rosidl_generator_cExport.cmake
[9.543s] -- Installing: /home/prl/track_robot_ws/install/bunker_msgs/share/bunker_msgs/cmake/bunker_msgs__rosidl_generator_cExport-noconfig.cmake
[9.543s] -- Installing: /home/prl/track_robot_ws/install/bunker_msgs/share/bunker_msgs/cmake/bunker_msgs__rosidl_typesupport_introspection_cExport.cmake
[9.543s] -- Installing: /home/prl/track_robot_ws/install/bunker_msgs/share/bunker_msgs/cmake/bunker_msgs__rosidl_typesupport_introspection_cExport-noconfig.cmake
[9.544s] -- Installing: /home/prl/track_robot_ws/install/bunker_msgs/share/bunker_msgs/cmake/bunker_msgs__rosidl_typesupport_cExport.cmake
[9.544s] -- Installing: /home/prl/track_robot_ws/install/bunker_msgs/share/bunker_msgs/cmake/bunker_msgs__rosidl_typesupport_cExport-noconfig.cmake
[9.544s] -- Installing: /home/prl/track_robot_ws/install/bunker_msgs/share/bunker_msgs/cmake/bunker_msgs__rosidl_generator_cppExport.cmake
[9.544s] -- Installing: /home/prl/track_robot_ws/install/bunker_msgs/share/bunker_msgs/cmake/bunker_msgs__rosidl_typesupport_introspection_cppExport.cmake
[9.544s] -- Installing: /home/prl/track_robot_ws/install/bunker_msgs/share/bunker_msgs/cmake/bunker_msgs__rosidl_typesupport_introspection_cppExport-noconfig.cmake
[9.544s] -- Installing: /home/prl/track_robot_ws/install/bunker_msgs/share/bunker_msgs/cmake/bunker_msgs__rosidl_typesupport_cppExport.cmake
[9.544s] -- Installing: /home/prl/track_robot_ws/install/bunker_msgs/share/bunker_msgs/cmake/bunker_msgs__rosidl_typesupport_cppExport-noconfig.cmake
[9.548s] Invoked command in '/home/prl/track_robot_ws/build/bunker_msgs' returned '0': CMAKE_PREFIX_PATH=${CMAKE_PREFIX_PATH}:/home/prl/track_robot_ws/install/track_robot_teleop:/opt/ros/foxy /usr/bin/cmake --install /home/prl/track_robot_ws/build/bunker_msgs
